Archive member included to satisfy reference by file (symbol)

app/libapp.a(main.c.obj)      (--whole-archive)
zephyr/libzephyr.a(heap.c.obj)
                              (--whole-archive)
zephyr/libzephyr.a(cbprintf_packaged.c.obj)
                              (--whole-archive)
zephyr/libzephyr.a(clock.c.obj)
                              (--whole-archive)
zephyr/libzephyr.a(printk.c.obj)
                              (--whole-archive)
zephyr/libzephyr.a(sem.c.obj)
                              (--whole-archive)
zephyr/libzephyr.a(thread_entry.c.obj)
                              (--whole-archive)
zephyr/libzephyr.a(cbprintf_complete.c.obj)
                              (--whole-archive)
zephyr/libzephyr.a(assert.c.obj)
                              (--whole-archive)
zephyr/libzephyr.a(dec.c.obj)
                              (--whole-archive)
zephyr/libzephyr.a(hex.c.obj)
                              (--whole-archive)
zephyr/libzephyr.a(rb.c.obj)  (--whole-archive)
zephyr/libzephyr.a(timeutil.c.obj)
                              (--whole-archive)
zephyr/libzephyr.a(bitarray.c.obj)
                              (--whole-archive)
zephyr/libzephyr.a(ring_buffer.c.obj)
                              (--whole-archive)
zephyr/libzephyr.a(configs.c.obj)
                              (--whole-archive)
zephyr/libzephyr.a(tracing_none.c.obj)
                              (--whole-archive)
zephyr/arch/arch/x86/core/libarch__x86__core.a(cpuhalt.c.obj)
                              (--whole-archive)
zephyr/arch/arch/x86/core/libarch__x86__core.a(prep_c.c.obj)
                              (--whole-archive)
zephyr/arch/arch/x86/core/libarch__x86__core.a(fatal.c.obj)
                              (--whole-archive)
zephyr/arch/arch/x86/core/libarch__x86__core.a(cpuid.c.obj)
                              (--whole-archive)
zephyr/arch/arch/x86/core/libarch__x86__core.a(spec_ctrl.c.obj)
                              (--whole-archive)
zephyr/arch/arch/x86/core/libarch__x86__core.a(memmap.c.obj)
                              (--whole-archive)
zephyr/arch/arch/x86/core/libarch__x86__core.a(multiboot.c.obj)
                              (--whole-archive)
zephyr/arch/arch/x86/core/libarch__x86__core.a(x86_mmu.c.obj)
                              (--whole-archive)
zephyr/arch/arch/x86/core/libarch__x86__core.a(early_serial.c.obj)
                              (--whole-archive)
zephyr/arch/arch/x86/core/libarch__x86__core.a(tls.c.obj)
                              (--whole-archive)
zephyr/arch/arch/x86/core/libarch__x86__core.a(crt0.S.obj)
                              (--whole-archive)
zephyr/arch/arch/x86/core/libarch__x86__core.a(excstub.S.obj)
                              (--whole-archive)
zephyr/arch/arch/x86/core/libarch__x86__core.a(intstub.S.obj)
                              (--whole-archive)
zephyr/arch/arch/x86/core/libarch__x86__core.a(irq_manage.c.obj)
                              (--whole-archive)
zephyr/arch/arch/x86/core/libarch__x86__core.a(swap.S.obj)
                              (--whole-archive)
zephyr/arch/arch/x86/core/libarch__x86__core.a(thread.c.obj)
                              (--whole-archive)
zephyr/arch/arch/x86/core/libarch__x86__core.a(tls.c.obj)
                              (--whole-archive)
zephyr/arch/arch/x86/core/libarch__x86__core.a(fatal.c.obj)
                              (--whole-archive)
zephyr/arch/arch/x86/core/libarch__x86__core.a(soft_float_stubs.c.obj)
                              (--whole-archive)
zephyr/lib/libc/picolibc/liblib__libc__picolibc.a(assert.c.obj)
                              (--whole-archive)
zephyr/lib/libc/picolibc/liblib__libc__picolibc.a(cbprintf.c.obj)
                              (--whole-archive)
zephyr/lib/libc/picolibc/liblib__libc__picolibc.a(chk_fail.c.obj)
                              (--whole-archive)
zephyr/lib/libc/picolibc/liblib__libc__picolibc.a(errno_wrap.c.obj)
                              (--whole-archive)
zephyr/lib/libc/picolibc/liblib__libc__picolibc.a(exit.c.obj)
                              (--whole-archive)
zephyr/lib/libc/picolibc/liblib__libc__picolibc.a(locks.c.obj)
                              (--whole-archive)
zephyr/lib/libc/picolibc/liblib__libc__picolibc.a(stdio.c.obj)
                              (--whole-archive)
zephyr/lib/libc/common/liblib__libc__common.a(abort.c.obj)
                              (--whole-archive)
zephyr/lib/libc/common/liblib__libc__common.a(time.c.obj)
                              (--whole-archive)
zephyr/lib/libc/common/liblib__libc__common.a(malloc.c.obj)
                              (--whole-archive)
zephyr/subsys/random/libsubsys__random.a(random_timer.c.obj)
                              (--whole-archive)
zephyr/subsys/random/libsubsys__random.a(random_test_csprng.c.obj)
                              (--whole-archive)
zephyr/drivers/interrupt_controller/libdrivers__interrupt_controller.a(intc_ioapic.c.obj)
                              (--whole-archive)
[...]
Memory Configuration

Name             Origin             Length             Attributes
RAM              0x0000000000100000 0x0000000001f00000 xw
IDT_LIST         0x00000000ffff1000 0x0000000000000800
*default*        0x0000000000000000 0xffffffffffffffff

Linker script and memory map

                0x0000000000103ba5                vfprintf = __l_vfprintf
                0x0000000000000000                vfscanf = __l_vfscanf
LOAD zephyr/CMakeFiles/zephyr_final.dir/misc/empty_file.c.obj
LOAD zephyr/CMakeFiles/offsets.dir/./arch/x86/core/offsets/offsets.c.obj
LOAD zephyr/arch/arch/x86/staticIdt.o
LOAD zephyr/arch/arch/x86/irq_int_vector_map.o
LOAD zephyr/arch/arch/x86/irq_vectors_alloc.o
LOAD zephyr/arch/arch/x86/gdt.o
LOAD zephyr/arch/arch/x86/pagetables.o
LOAD app/libapp.a
LOAD zephyr/libzephyr.a
LOAD zephyr/arch/arch/x86/core/libarch__x86__core.a
LOAD zephyr/lib/libc/picolibc/liblib__libc__picolibc.a
LOAD zephyr/lib/libc/common/liblib__libc__common.a
LOAD zephyr/subsys/random/libsubsys__random.a
LOAD zephyr/drivers/interrupt_controller/libdrivers__interrupt_controller.a
LOAD zephyr/drivers/console/libdrivers__console.a
LOAD zephyr/drivers/serial/libdrivers__serial.a
LOAD zephyr/drivers/timer/libdrivers__timer.a
LOAD zephyr/kernel/libkernel.a
LOAD /home/luciano/zephyr-sdk-0.16.5/x86_64-zephyr-elf/bin/../lib/gcc/../../picolibc/x86_64-zephyr-elf/lib/32/soft-float/libc.a
LOAD /home/luciano/zephyr-sdk-0.16.5/x86_64-zephyr-elf/bin/../lib/gcc/x86_64-zephyr-elf/12.2.0/32/soft-float/libgcc.a
                0x0000000000100000                epoint = (__start - 0x0)

.rel.plt        0x0000000000000000        0x0
 *(SORT_BY_ALIGNMENT(.rel.plt))
                [!provide]                        PROVIDE (__rel_iplt_start = .)
 *(SORT_BY_ALIGNMENT(.rel.iplt))
 .rel.iplt      0x0000000000000000        0x0 zephyr/CMakeFiles/zephyr_final.dir/misc/empty_file.c.obj
                [!provide]                        PROVIDE (__rel_iplt_end = .)

.rela.plt       0x0000000000000000        0x0
 *(SORT_BY_ALIGNMENT(.rela.plt))
                [!provide]                        PROVIDE (__rela_iplt_start = .)
 *(SORT_BY_ALIGNMENT(.rela.iplt))
                [!provide]                        PROVIDE (__rela_iplt_end = .)

.rel.dyn        0x0000000000000000        0x0
 *(SORT_BY_ALIGNMENT(.rel.*))
 .rel.got       0x0000000000000000        0x0 zephyr/CMakeFiles/zephyr_final.dir/misc/empty_file.c.obj
 .rel.text.vprintk
                0x0000000000000000        0x0 zephyr/CMakeFiles/zephyr_final.dir/misc/empty_file.c.obj
 .rel.text.arch_cpu_idle
                0x0000000000000000        0x0 zephyr/CMakeFiles/zephyr_final.dir/misc/empty_file.c.obj
 .rel.text.z_multiboot_init
                0x0000000000000000        0x0 zephyr/CMakeFiles/zephyr_final.dir/misc/empty_file.c.obj
 .rel.text.range_map_unlocked.isra.0
                0x0000000000000000        0x0 zephyr/CMakeFiles/zephyr_final.dir/misc/empty_file.c.obj
 .rel.text.arch_reserved_pages_update
                0x0000000000000000        0x0 zephyr/CMakeFiles/zephyr_final.dir/misc/empty_file.c.obj
 .rel.text.arch_tls_stack_setup
                0x0000000000000000        0x0 zephyr/CMakeFiles/zephyr_final.dir/misc/empty_file.c.obj
 .rel.text.__start
                0x0000000000000000        0x0 zephyr/CMakeFiles/zephyr_final.dir/misc/empty_file.c.obj
 .rel.text.z_x86_tls_update_gdt
                0x0000000000000000        0x0 zephyr/CMakeFiles/zephyr_final.dir/misc/empty_file.c.obj
 .rel.text.z_x86_early_tls_update_gdt
                0x0000000000000000        0x0 zephyr/CMakeFiles/zephyr_final.dir/misc/empty_file.c.obj
 .rel.text.sys_clock_driver_init
                0x0000000000000000        0x0 zephyr/CMakeFiles/zephyr_final.dir/misc/empty_file.c.obj
 .rel.text.z_fatal_error
                0x0000000000000000        0x0 zephyr/CMakeFiles/zephyr_final.dir/misc/empty_file.c.obj
 .rel.text.bg_thread_main
                0x0000000000000000        0x0 zephyr/CMakeFiles/zephyr_final.dir/misc/empty_file.c.obj
 .rel.text.z_bss_zero
                0x0000000000000000        0x0 zephyr/CMakeFiles/zephyr_final.dir/misc/empty_file.c.obj
 .rel.rodata.levels.0
                0x0000000000000000        0x0 zephyr/CMakeFiles/zephyr_final.dir/misc/empty_file.c.obj
 .rel.text.virt_region_free
                0x0000000000000000        0x0 zephyr/CMakeFiles/zephyr_final.dir/misc/empty_file.c.obj
 .rel.text.virt_region_alloc
                0x0000000000000000        0x0 zephyr/CMakeFiles/zephyr_final.dir/misc/empty_file.c.obj
 .rel.text.k_mem_map_phys_bare
                0x0000000000000000        0x0 zephyr/CMakeFiles/zephyr_final.dir/misc/empty_file.c.obj
 .rel.text.z_mem_manage_init
                0x0000000000000000        0x0 zephyr/CMakeFiles/zephyr_final.dir/misc/empty_file.c.obj
 .rel.text.snprintf
                0x0000000000000000        0x0 zephyr/CMakeFiles/zephyr_final.dir/misc/empty_file.c.obj

.rela.dyn
 *(SORT_BY_ALIGNMENT(.rela.*))

/DISCARD/
 *(SORT_BY_ALIGNMENT(.plt))

/DISCARD/
 *(SORT_BY_ALIGNMENT(.iplt))
                0x0000000000000000                . = ALIGN (0x8)

text            0x0000000000100000     0x5000
                0x0000000000100000                __text_region_start = .
                0x0000000000100000                z_mapped_start = .
                0x0000000000100000                __rom_start_address = .
 FILL mask 0x00
                0x0000000000100000                . = (. + (0x0 - (. - __rom_start_address)))
                0x0000000000100000                . = ALIGN (0x4)
 *(SORT_BY_ALIGNMENT(.text.__start))
 .text.__start  0x0000000000100000       0xc8 zephyr/arch/arch/x86/core/libarch__x86__core.a(crt0.S.obj)
                0x0000000000100000                __start
                0x00000000001000c2                z_x86_idt
 *(SORT_BY_ALIGNMENT(.text.irqstubs))
 .text.irqstubs
                0x00000000001000c8        0xc zephyr/drivers/timer/libdrivers__timer.a(hpet.c.obj)
                0x00000000001000c8                hpet_isr_irq2_stub
 *(SORT_BY_ALIGNMENT(.gnu.linkonce.t.exc_*_stub))
 .gnu.linkonce.t.exc_0_stub
                0x00000000001000d4        0xc zephyr/arch/arch/x86/core/libarch__x86__core.a(fatal.c.obj)
                0x00000000001000d4                _handle_exc_0_vector_0_stub
 .gnu.linkonce.t.exc_2_stub
                0x00000000001000e0        0xc zephyr/arch/arch/x86/core/libarch__x86__core.a(fatal.c.obj)
                0x00000000001000e0                _handle_exc_2_vector_2_stub
 .gnu.linkonce.t.exc_4_stub
                0x00000000001000ec        0xc zephyr/arch/arch/x86/core/libarch__x86__core.a(fatal.c.obj)
                0x00000000001000ec                _handle_exc_4_vector_4_stub
 .gnu.linkonce.t.exc_5_stub
                0x00000000001000f8        0xc zephyr/arch/arch/x86/core/libarch__x86__core.a(fatal.c.obj)
                0x00000000001000f8                _handle_exc_5_vector_5_stub
 .gnu.linkonce.t.exc_6_stub
                0x0000000000100104        0xc zephyr/arch/arch/x86/core/libarch__x86__core.a(fatal.c.obj)
                0x0000000000100104                _handle_exc_6_vector_6_stub
 .gnu.linkonce.t.exc_7_stub
                0x0000000000100110        0xc zephyr/arch/arch/x86/core/libarch__x86__core.a(fatal.c.obj)
                0x0000000000100110                _handle_exc_7_vector_7_stub
 .gnu.linkonce.t.exc_8_stub
                0x000000000010011c        0xc zephyr/arch/arch/x86/core/libarch__x86__core.a(fatal.c.obj)
                0x000000000010011c                _handle_exc_8_vector_8_stub
 .gnu.linkonce.t.exc_10_stub
                0x0000000000100128        0xa zephyr/arch/arch/x86/core/libarch__x86__core.a(fatal.c.obj)
                0x0000000000100128                _handle_exc_10_vector_10_stub
 .gnu.linkonce.t.exc_11_stub
                0x0000000000100132        0xa zephyr/arch/arch/x86/core/libarch__x86__core.a(fatal.c.obj)
                0x0000000000100132                _handle_exc_11_vector_11_stub
 .gnu.linkonce.t.exc_12_stub
                0x000000000010013c        0xa zephyr/arch/arch/x86/core/libarch__x86__core.a(fatal.c.obj)
                0x000000000010013c                _handle_exc_12_vector_12_stub
 .gnu.linkonce.t.exc_13_stub
                0x0000000000100146        0xa zephyr/arch/arch/x86/core/libarch__x86__core.a(fatal.c.obj)
                0x0000000000100146                _handle_exc_13_vector_13_stub
 .gnu.linkonce.t.exc_16_stub
                0x0000000000100150        0xc zephyr/arch/arch/x86/core/libarch__x86__core.a(fatal.c.obj)
                0x0000000000100150                _handle_exc_16_vector_16_stub
 .gnu.linkonce.t.exc_17_stub
                0x000000000010015c        0xa zephyr/arch/arch/x86/core/libarch__x86__core.a(fatal.c.obj)
                0x000000000010015c                _handle_exc_17_vector_17_stub
 .gnu.linkonce.t.exc_18_stub
                0x0000000000100166        0xc zephyr/arch/arch/x86/core/libarch__x86__core.a(fatal.c.obj)
                0x0000000000100166                _handle_exc_18_vector_18_stub
 .gnu.linkonce.t.exc_14_stub
                0x0000000000100172        0xa zephyr/arch/arch/x86/core/libarch__x86__core.a(fatal.c.obj)
                0x0000000000100172                _z_x86_page_fault_handler_vector_14_stub
 *(SORT_BY_ALIGNMENT(.text))
 .text          0x000000000010017c       0xf2 /home/luciano/zephyr-sdk-0.16.5/x86_64-zephyr-elf/bin/../lib/gcc/x86_64-zephyr-elf/12.2.0/32/soft-float/libgcc.a(_udivdi3.o)
                0x000000000010017c                __udivdi3
 *(SORT_BY_ALIGNMENT(.text.*))
 .text._OffsetAbsSyms
                0x000000000010026e        0x1 zephyr/CMakeFiles/offsets.dir/./arch/x86/core/offsets/offsets.c.obj
                0x000000000010026e                _OffsetAbsSyms
 .text.k_msleep.isra.0
                0x000000000010026f       0x20 app/libapp.a(main.c.obj)
 .text.sensor_thread
                0x000000000010028f       0x2f app/libapp.a(main.c.obj)
                0x000000000010028f                sensor_thread
 .text.display_thread
                0x00000000001002be       0x2f app/libapp.a(main.c.obj)
                0x00000000001002be                display_thread
 .text.teclado_thread
                0x00000000001002ed       0x2f app/libapp.a(main.c.obj)
                0x00000000001002ed                teclado_thread
 .text.chunk_field
                0x000000000010031c       0x15 zephyr/libzephyr.a(heap.c.obj)
 .text.chunk_set
                0x0000000000100331       0x1f zephyr/libzephyr.a(heap.c.obj)
 .text.chunk_size
                0x0000000000100350       0x11 zephyr/libzephyr.a(heap.c.obj)
 .text.set_chunk_used
                0x0000000000100361       0x3d zephyr/libzephyr.a(heap.c.obj)
 .text.set_chunk_size
                0x000000000010039e       0x13 zephyr/libzephyr.a(heap.c.obj)
 .text.bucket_idx.isra.0
                0x00000000001003b1       0x19 zephyr/libzephyr.a(heap.c.obj)
 .text.free_list_add
                0x00000000001003ca       0xae zephyr/libzephyr.a(heap.c.obj)
 .text.sys_heap_init
                0x0000000000100478       0xd9 zephyr/libzephyr.a(heap.c.obj)
                0x0000000000100478                sys_heap_init
 .text.char_out
                0x0000000000100551        0x6 zephyr/libzephyr.a(printk.c.obj)
 .text.__printk_hook_install
                0x0000000000100557        0xd zephyr/libzephyr.a(printk.c.obj)
                0x0000000000100557                __printk_hook_install
 .text.vprintk  0x0000000000100564       0x35 zephyr/libzephyr.a(printk.c.obj)
                0x0000000000100564                vprintk
 .text.printk   0x0000000000100599       0x13 zephyr/libzephyr.a(printk.c.obj)
                0x0000000000100599                printk
 .text.z_thread_entry
                0x00000000001005ac       0x32 zephyr/libzephyr.a(thread_entry.c.obj)
                0x00000000001005ac                z_thread_entry
 .text.find_and_stack
                0x00000000001005de       0x51 zephyr/libzephyr.a(rb.c.obj)
 .text.stack_left_limb
                0x000000000010062f       0x49 zephyr/libzephyr.a(rb.c.obj)
 .text.set_child
                0x0000000000100678       0x12 zephyr/libzephyr.a(rb.c.obj)
 .text.rotate   0x000000000010068a       0xab zephyr/libzephyr.a(rb.c.obj)
 .text.z_rb_get_minmax
                0x0000000000100735       0x27 zephyr/libzephyr.a(rb.c.obj)
                0x0000000000100735                z_rb_get_minmax
 .text.rb_insert
                0x000000000010075c      0x139 zephyr/libzephyr.a(rb.c.obj)
                0x000000000010075c                rb_insert
 .text.rb_remove
                0x0000000000100895      0x38c zephyr/libzephyr.a(rb.c.obj)
                0x0000000000100895                rb_remove
 .text.z_rb_foreach_next
                0x0000000000100c21       0x72 zephyr/libzephyr.a(rb.c.obj)
                0x0000000000100c21                z_rb_foreach_next
 .text.setup_bundle_data.constprop.0
                0x0000000000100c93       0x5d zephyr/libzephyr.a(bitarray.c.obj)
 .text.set_region
                0x0000000000100cf0       0xb5 zephyr/libzephyr.a(bitarray.c.obj)
 .text.set_clear_region
                0x0000000000100da5       0x6c zephyr/libzephyr.a(bitarray.c.obj)
 .text.match_region
                0x0000000000100e11       0xc7 zephyr/libzephyr.a(bitarray.c.obj)
 .text.sys_bitarray_alloc
                0x0000000000100ed8       0xc6 zephyr/libzephyr.a(bitarray.c.obj)
                0x0000000000100ed8                sys_bitarray_alloc
 .text.sys_bitarray_free
                0x0000000000100f9e       0x84 zephyr/libzephyr.a(bitarray.c.obj)
                0x0000000000100f9e                sys_bitarray_free
 .text.sys_bitarray_set_region
                0x0000000000101022       0x19 zephyr/libzephyr.a(bitarray.c.obj)
                0x0000000000101022                sys_bitarray_set_region
 .text._ConfigAbsSyms
                0x000000000010103b        0x1 zephyr/libzephyr.a(configs.c.obj)
                0x000000000010103b                _ConfigAbsSyms
 .text.sys_trace_idle
                0x000000000010103c        0x1 zephyr/libzephyr.a(tracing_none.c.obj)
                0x000000000010103c                sys_trace_idle
 .text.arch_cpu_idle
                0x000000000010103d        0xc zephyr/arch/arch/x86/core/libarch__x86__core.a(cpuhalt.c.obj)
                0x000000000010103d                arch_cpu_idle
 .text.z_prep_c
                0x0000000000101049       0x3c zephyr/arch/arch/x86/core/libarch__x86__core.a(prep_c.c.obj)
                0x0000000000101049                z_prep_c
 .text.print_trace_address
                0x0000000000101085       0x22 zephyr/arch/arch/x86/core/libarch__x86__core.a(fatal.c.obj)
 .text.arch_system_halt
                0x00000000001010a7        0x8 zephyr/arch/arch/x86/core/libarch__x86__core.a(fatal.c.obj)
                0x00000000001010a7                arch_system_halt
 .text.z_x86_check_stack_bounds
                0x00000000001010af       0x49 zephyr/arch/arch/x86/core/libarch__x86__core.a(fatal.c.obj)
                0x00000000001010af                z_x86_check_stack_bounds
 .text.walk_stackframe.constprop.0
                0x00000000001010f8       0x8d zephyr/arch/arch/x86/core/libarch__x86__core.a(fatal.c.obj)
 .text.z_x86_fatal_error
                0x0000000000101185       0x8f zephyr/arch/arch/x86/core/libarch__x86__core.a(fatal.c.obj)
                0x0000000000101185                z_x86_fatal_error
 .text.z_x86_unhandled_cpu_exception
                0x0000000000101214       0xd2 zephyr/arch/arch/x86/core/libarch__x86__core.a(fatal.c.obj)
                0x0000000000101214                z_x86_unhandled_cpu_exception
 .text.z_x86_page_fault_handler
                0x00000000001012e6       0xbc zephyr/arch/arch/x86/core/libarch__x86__core.a(fatal.c.obj)
                0x00000000001012e6                z_x86_page_fault_handler
 .text.z_x86_do_kernel_oops
                0x00000000001013a2       0x10 zephyr/arch/arch/x86/core/libarch__x86__core.a(fatal.c.obj)
                0x00000000001013a2                z_x86_do_kernel_oops
 .text.z_multiboot_init
                0x00000000001013b2      0x175 zephyr/arch/arch/x86/core/libarch__x86__core.a(multiboot.c.obj)
                0x00000000001013b2                z_multiboot_init
 .text.mark_addr_page_reserved
                0x0000000000101527       0x38 zephyr/arch/arch/x86/core/libarch__x86__core.a(x86_mmu.c.obj)
 .text.str_append
                0x000000000010155f       0x34 zephyr/arch/arch/x86/core/libarch__x86__core.a(x86_mmu.c.obj)
 .text.range_map_unlocked.isra.0
                0x0000000000101593      0x1ab zephyr/arch/arch/x86/core/libarch__x86__core.a(x86_mmu.c.obj)
 .text.pentry_get
                0x000000000010173e       0x6e zephyr/arch/arch/x86/core/libarch__x86__core.a(x86_mmu.c.obj)
 .text.z_x86_dump_mmu_flags
                0x00000000001017ac      0x12b zephyr/arch/arch/x86/core/libarch__x86__core.a(x86_mmu.c.obj)
                0x00000000001017ac                z_x86_dump_mmu_flags
 .text.arch_mem_map
                0x00000000001018d7       0x6b zephyr/arch/arch/x86/core/libarch__x86__core.a(x86_mmu.c.obj)
                0x00000000001018d7                arch_mem_map
 .text.z_x86_mmu_init
                0x0000000000101942        0x1 zephyr/arch/arch/x86/core/libarch__x86__core.a(x86_mmu.c.obj)
                0x0000000000101942                z_x86_mmu_init
 .text.arch_reserved_pages_update
                0x0000000000101943       0x33 zephyr/arch/arch/x86/core/libarch__x86__core.a(x86_mmu.c.obj)
                0x0000000000101943                arch_reserved_pages_update
 .text.arch_printk_char_out
                0x0000000000101976       0x44 zephyr/arch/arch/x86/core/libarch__x86__core.a(early_serial.c.obj)
                0x0000000000101976                arch_printk_char_out
 .text.z_x86_early_serial_init
                0x00000000001019ba       0x5f zephyr/arch/arch/x86/core/libarch__x86__core.a(early_serial.c.obj)
                0x00000000001019ba                z_x86_early_serial_init
 .text.arch_tls_stack_setup
                0x0000000000101a19       0x3b zephyr/arch/arch/x86/core/libarch__x86__core.a(tls.c.obj)
                0x0000000000101a19                arch_tls_stack_setup
 .text._exception_enter
                0x0000000000101a54       0x2c zephyr/arch/arch/x86/core/libarch__x86__core.a(excstub.S.obj)
                0x0000000000101a54                _exception_enter
 .text._kernel_oops_handler
                0x0000000000101a80        0xc zephyr/arch/arch/x86/core/libarch__x86__core.a(excstub.S.obj)
                0x0000000000101a80                _kernel_oops_handler
 .text._interrupt_enter
                0x0000000000101a8c       0x58 zephyr/arch/arch/x86/core/libarch__x86__core.a(intstub.S.obj)
                0x0000000000101a8c                _interrupt_enter
 .text.z_SpuriousIntNoErrCodeHandler
                0x0000000000101ae4        0x2 zephyr/arch/arch/x86/core/libarch__x86__core.a(intstub.S.obj)
                0x0000000000101ae4                z_SpuriousIntNoErrCodeHandler
 .text.z_SpuriousIntHandler
                0x0000000000101ae6       0x14 zephyr/arch/arch/x86/core/libarch__x86__core.a(intstub.S.obj)
                0x0000000000101ae6                z_SpuriousIntHandler
 .text.arch_swap
                0x0000000000101afa       0x36 zephyr/arch/arch/x86/core/libarch__x86__core.a(swap.S.obj)
                0x0000000000101afa                arch_swap
 .text.z_x86_thread_entry_wrapper
                0x0000000000101b30        0x9 zephyr/arch/arch/x86/core/libarch__x86__core.a(swap.S.obj)
                0x0000000000101b30                z_x86_thread_entry_wrapper
 .text.arch_coprocessors_disable
                0x0000000000101b39        0x6 zephyr/arch/arch/x86/core/libarch__x86__core.a(thread.c.obj)
                0x0000000000101b39                arch_coprocessors_disable
 .text.arch_new_thread
                0x0000000000101b3f       0x42 zephyr/arch/arch/x86/core/libarch__x86__core.a(thread.c.obj)
                0x0000000000101b3f                arch_new_thread
 .text.z_x86_tls_update_gdt
                0x0000000000101b81       0x22 zephyr/arch/arch/x86/core/libarch__x86__core.a(tls.c.obj)
                0x0000000000101b81                z_x86_tls_update_gdt
 .text.z_x86_early_tls_update_gdt
                0x0000000000101ba3       0x2f zephyr/arch/arch/x86/core/libarch__x86__core.a(tls.c.obj)
                0x0000000000101ba3                z_x86_early_tls_update_gdt
 .text.z_x86_spurious_irq
                0x0000000000101bd2       0x23 zephyr/arch/arch/x86/core/libarch__x86__core.a(fatal.c.obj)
                0x0000000000101bd2                z_x86_spurious_irq
 .text.handle_exc_0
                0x0000000000101bf5        0xd zephyr/arch/arch/x86/core/libarch__x86__core.a(fatal.c.obj)
 .text.handle_exc_2
                0x0000000000101c02        0xd zephyr/arch/arch/x86/core/libarch__x86__core.a(fatal.c.obj)
 .text.handle_exc_4
                0x0000000000101c0f        0xd zephyr/arch/arch/x86/core/libarch__x86__core.a(fatal.c.obj)
 .text.handle_exc_5
                0x0000000000101c1c        0xd zephyr/arch/arch/x86/core/libarch__x86__core.a(fatal.c.obj)
 .text.handle_exc_6
                0x0000000000101c29        0xd zephyr/arch/arch/x86/core/libarch__x86__core.a(fatal.c.obj)
 .text.handle_exc_7
                0x0000000000101c36        0xd zephyr/arch/arch/x86/core/libarch__x86__core.a(fatal.c.obj)
 .text.handle_exc_8
                0x0000000000101c43        0xd zephyr/arch/arch/x86/core/libarch__x86__core.a(fatal.c.obj)
 .text.handle_exc_10
                0x0000000000101c50        0xd zephyr/arch/arch/x86/core/libarch__x86__core.a(fatal.c.obj)
 .text.handle_exc_11
                0x0000000000101c5d        0xd zephyr/arch/arch/x86/core/libarch__x86__core.a(fatal.c.obj)
 .text.handle_exc_12
                0x0000000000101c6a        0xd zephyr/arch/arch/x86/core/libarch__x86__core.a(fatal.c.obj)
 .text.handle_exc_13
                0x0000000000101c77        0xd zephyr/arch/arch/x86/core/libarch__x86__core.a(fatal.c.obj)
 .text.handle_exc_16
                0x0000000000101c84        0xd zephyr/arch/arch/x86/core/libarch__x86__core.a(fatal.c.obj)
 .text.handle_exc_17
                0x0000000000101c91        0xd zephyr/arch/arch/x86/core/libarch__x86__core.a(fatal.c.obj)
 .text.handle_exc_18
                0x0000000000101c9e        0xd zephyr/arch/arch/x86/core/libarch__x86__core.a(fatal.c.obj)
 .text.z_impl_zephyr_fputc
                0x0000000000101cab       0x11 zephyr/lib/libc/picolibc/liblib__libc__picolibc.a(stdio.c.obj)
                0x0000000000101cab                z_impl_zephyr_fputc
 .text.picolibc_put
                0x0000000000101cbc       0x18 zephyr/lib/libc/picolibc/liblib__libc__picolibc.a(stdio.c.obj)
 .text.__stdout_hook_install
                0x0000000000101cd4       0x14 zephyr/lib/libc/picolibc/liblib__libc__picolibc.a(stdio.c.obj)
                0x0000000000101cd4                __stdout_hook_install
 .text.malloc_prepare
                0x0000000000101ce8       0x1e zephyr/lib/libc/common/liblib__libc__common.a(malloc.c.obj)
 .text.__IoApicGet
                0x0000000000101d06       0x1e zephyr/drivers/interrupt_controller/libdrivers__interrupt_controller.a(intc_ioapic.c.obj)
 .text.__IoApicSet
                0x0000000000101d24       0x24 zephyr/drivers/interrupt_controller/libdrivers__interrupt_controller.a(intc_ioapic.c.obj)
 .text.IoApicRedUpdateLo
                0x0000000000101d48       0x28 zephyr/drivers/interrupt_controller/libdrivers__interrupt_controller.a(intc_ioapic.c.obj)
 .text.ioapic_init
                0x0000000000101d70       0x6a zephyr/drivers/interrupt_controller/libdrivers__interrupt_controller.a(intc_ioapic.c.obj)
                0x0000000000101d70                ioapic_init
 .text.z_ioapic_num_rtes
                0x0000000000101dda        0x6 zephyr/drivers/interrupt_controller/libdrivers__interrupt_controller.a(intc_ioapic.c.obj)
                0x0000000000101dda                z_ioapic_num_rtes
 .text.z_ioapic_irq_enable
                0x0000000000101de0       0x13 zephyr/drivers/interrupt_controller/libdrivers__interrupt_controller.a(intc_ioapic.c.obj)
                0x0000000000101de0                z_ioapic_irq_enable
 .text.z_ioapic_irq_set
                0x0000000000101df3       0x37 zephyr/drivers/interrupt_controller/libdrivers__interrupt_controller.a(intc_ioapic.c.obj)
                0x0000000000101df3                z_ioapic_irq_set
 .text.loapic_init
                0x0000000000101e2a        0x3 zephyr/drivers/interrupt_controller/libdrivers__interrupt_controller.a(intc_loapic.c.obj)
 .text.z_loapic_enable
                0x0000000000101e2d      0x123 zephyr/drivers/interrupt_controller/libdrivers__interrupt_controller.a(intc_loapic.c.obj)
                0x0000000000101e2d                z_loapic_enable
 .text.z_loapic_irq_base
                0x0000000000101f50        0x5 zephyr/drivers/interrupt_controller/libdrivers__interrupt_controller.a(intc_loapic.c.obj)
                0x0000000000101f50                z_loapic_irq_base
 .text.z_loapic_int_vec_set
                0x0000000000101f55       0x2f zephyr/drivers/interrupt_controller/libdrivers__interrupt_controller.a(intc_loapic.c.obj)
                0x0000000000101f55                z_loapic_int_vec_set
 .text.z_loapic_irq_enable
                0x0000000000101f84       0x30 zephyr/drivers/interrupt_controller/libdrivers__interrupt_controller.a(intc_loapic.c.obj)
                0x0000000000101f84                z_loapic_irq_enable
 .text.z_irq_controller_isr_vector_get
                0x0000000000101fb4       0x2d zephyr/drivers/interrupt_controller/libdrivers__interrupt_controller.a(intc_loapic.c.obj)
                0x0000000000101fb4                z_irq_controller_isr_vector_get
 .text.z_irq_controller_irq_config
                0x0000000000101fe1       0x40 zephyr/drivers/interrupt_controller/libdrivers__interrupt_controller.a(intc_system_apic.c.obj)
                0x0000000000101fe1                z_irq_controller_irq_config
 .text.arch_irq_enable
                0x0000000000102021       0x2b zephyr/drivers/interrupt_controller/libdrivers__interrupt_controller.a(intc_system_apic.c.obj)
                0x0000000000102021                arch_irq_enable
 .text.uart_console_init
                0x000000000010204c       0x34 zephyr/drivers/console/libdrivers__console.a(uart_console.c.obj)
 .text.console_out
                0x0000000000102080       0x33 zephyr/drivers/console/libdrivers__console.a(uart_console.c.obj)
 .text.get_port
                0x00000000001020b3       0x12 zephyr/drivers/serial/libdrivers__serial.a(uart_ns16550.c.obj)
 .text.uart_ns16550_config_get
                0x00000000001020c5       0x2d zephyr/drivers/serial/libdrivers__serial.a(uart_ns16550.c.obj)
 .text.ns16550_outbyte.isra.0
                0x00000000001020f2       0x14 zephyr/drivers/serial/libdrivers__serial.a(uart_ns16550.c.obj)
 .text.ns16550_read_char
                0x0000000000102106       0x4a zephyr/drivers/serial/libdrivers__serial.a(uart_ns16550.c.obj)
 .text.uart_ns16550_poll_in
                0x0000000000102150       0x1c zephyr/drivers/serial/libdrivers__serial.a(uart_ns16550.c.obj)
 .text.uart_ns16550_configure
                0x000000000010216c      0x298 zephyr/drivers/serial/libdrivers__serial.a(uart_ns16550.c.obj)
 .text.uart_ns16550_init
                0x0000000000102404       0x37 zephyr/drivers/serial/libdrivers__serial.a(uart_ns16550.c.obj)
 .text.uart_ns16550_poll_out
                0x000000000010243b       0x54 zephyr/drivers/serial/libdrivers__serial.a(uart_ns16550.c.obj)
 .text.uart_ns16550_err_check
                0x000000000010248f       0x3c zephyr/drivers/serial/libdrivers__serial.a(uart_ns16550.c.obj)
 .text.hpet_counter_get
                0x00000000001024cb       0x2a zephyr/drivers/timer/libdrivers__timer.a(hpet.c.obj)
 .text.hpet_isr
                0x00000000001024f5       0x9b zephyr/drivers/timer/libdrivers__timer.a(hpet.c.obj)
 .text.hpet_timer_comparator_set_safe
                0x0000000000102590       0x6c zephyr/drivers/timer/libdrivers__timer.a(hpet.c.obj)
 .text.sys_clock_driver_init
                0x00000000001025fc       0xf5 zephyr/drivers/timer/libdrivers__timer.a(hpet.c.obj)
 .text.sys_clock_set_timeout
                0x00000000001026f1       0x8c zephyr/drivers/timer/libdrivers__timer.a(hpet.c.obj)
                0x00000000001026f1                sys_clock_set_timeout
 .text.sys_clock_elapsed
                0x000000000010277d       0x40 zephyr/drivers/timer/libdrivers__timer.a(hpet.c.obj)
                0x000000000010277d                sys_clock_elapsed
 .text.z_device_state_init
                0x00000000001027bd        0x1 zephyr/kernel/libkernel.a(device.c.obj)
                0x00000000001027bd                z_device_state_init
 .text.z_impl_device_is_ready
                0x00000000001027be       0x24 zephyr/kernel/libkernel.a(device.c.obj)
                0x00000000001027be                z_impl_device_is_ready
 .text.k_sys_fatal_error_handler
                0x00000000001027e2        0xb zephyr/kernel/libkernel.a(fatal.c.obj)
                0x00000000001027e2                k_sys_fatal_error_handler
 .text.z_fatal_error
                0x00000000001027ed       0x32 zephyr/kernel/libkernel.a(fatal.c.obj)
                0x00000000001027ed                z_fatal_error
 .text.do_device_init
                0x000000000010281f       0x3b zephyr/kernel/libkernel.a(init.c.obj)
 .text.z_sys_init_run_level
                0x000000000010285a       0x36 zephyr/kernel/libkernel.a(init.c.obj)
 .text.bg_thread_main
                0x0000000000102890       0xe4 zephyr/kernel/libkernel.a(init.c.obj)
 .text.z_early_memset
                0x0000000000102974       0x12 zephyr/kernel/libkernel.a(init.c.obj)
                0x0000000000102974                z_early_memset
 .text.z_bss_zero
                0x0000000000102986       0x1f zephyr/kernel/libkernel.a(init.c.obj)
                0x0000000000102986                z_bss_zero
 .text.z_init_cpu
                0x00000000001029a5       0x66 zephyr/kernel/libkernel.a(init.c.obj)
                0x00000000001029a5                z_init_cpu
 .text.z_cstart
                0x0000000000102a0b       0x8f zephyr/kernel/libkernel.a(init.c.obj)
                0x0000000000102a0b                z_cstart
 .text.idle     0x0000000000102a9a        0xd zephyr/kernel/libkernel.a(idle.c.obj)
                0x0000000000102a9a                idle
 .text.z_setup_new_thread
                0x0000000000102aa7       0xc1 zephyr/kernel/libkernel.a(thread.c.obj)
                0x0000000000102aa7                z_setup_new_thread
 .text.z_dummy_thread_init
                0x0000000000102b68       0x1e zephyr/kernel/libkernel.a(thread.c.obj)
                0x0000000000102b68                z_dummy_thread_init
 .text.unpend_thread_no_timeout
                0x0000000000102b86       0x2d zephyr/kernel/libkernel.a(sched.c.obj)
 .text.rb_get_min
                0x0000000000102bb3        0xf zephyr/kernel/libkernel.a(sched.c.obj)
 .text.ready_thread
                0x0000000000102bc2       0xda zephyr/kernel/libkernel.a(sched.c.obj)
 .text.unready_thread
                0x0000000000102c9c       0x7f zephyr/kernel/libkernel.a(sched.c.obj)
 .text.move_thread_to_end_of_prio_q
                0x0000000000102d1b       0xf9 zephyr/kernel/libkernel.a(sched.c.obj)
                0x0000000000102d1b                move_thread_to_end_of_prio_q
 .text.z_ready_thread
                0x0000000000102e14       0x19 zephyr/kernel/libkernel.a(sched.c.obj)
                0x0000000000102e14                z_ready_thread
 .text.z_sched_wake_thread
                0x0000000000102e2d       0x34 zephyr/kernel/libkernel.a(sched.c.obj)
                0x0000000000102e2d                z_sched_wake_thread
 .text.z_thread_timeout
                0x0000000000102e61       0x15 zephyr/kernel/libkernel.a(sched.c.obj)
                0x0000000000102e61                z_thread_timeout
 .text.z_reschedule
                0x0000000000102e76       0x2f zephyr/kernel/libkernel.a(sched.c.obj)
                0x0000000000102e76                z_reschedule
 .text.z_reschedule_irqlock
                0x0000000000102ea5       0x29 zephyr/kernel/libkernel.a(sched.c.obj)
                0x0000000000102ea5                z_reschedule_irqlock
 .text.k_sched_lock
                0x0000000000102ece       0x13 zephyr/kernel/libkernel.a(sched.c.obj)
                0x0000000000102ece                k_sched_lock
 .text.k_sched_unlock
                0x0000000000102ee1       0x62 zephyr/kernel/libkernel.a(sched.c.obj)
                0x0000000000102ee1                k_sched_unlock
 .text.init_ready_q
                0x0000000000102f43       0x1d zephyr/kernel/libkernel.a(sched.c.obj)
                0x0000000000102f43                init_ready_q
 .text.z_sched_init
                0x0000000000102f60       0x10 zephyr/kernel/libkernel.a(sched.c.obj)
                0x0000000000102f60                z_sched_init
 .text.z_impl_k_yield
                0x0000000000102f70       0xe0 zephyr/kernel/libkernel.a(sched.c.obj)
                0x0000000000102f70                z_impl_k_yield
 .text.z_tick_sleep
                0x0000000000103050       0x78 zephyr/kernel/libkernel.a(sched.c.obj)
 .text.z_impl_k_sleep
                0x00000000001030c8       0x48 zephyr/kernel/libkernel.a(sched.c.obj)
                0x00000000001030c8                z_impl_k_sleep
 .text.z_impl_k_wakeup
                0x0000000000103110       0x43 zephyr/kernel/libkernel.a(sched.c.obj)
                0x0000000000103110                z_impl_k_wakeup
 .text.z_impl_k_sched_current_thread_query
                0x0000000000103153        0x6 zephyr/kernel/libkernel.a(sched.c.obj)
                0x0000000000103153                z_impl_k_sched_current_thread_query
 .text.z_thread_abort
                0x0000000000103159      0x149 zephyr/kernel/libkernel.a(sched.c.obj)
                0x0000000000103159                z_thread_abort
 .text.z_impl_k_thread_abort
                0x00000000001032a2        0x5 zephyr/kernel/libkernel.a(sched.c.obj)
                0x00000000001032a2                z_impl_k_thread_abort
 .text.z_priq_rb_lessthan
                0x00000000001032a7       0x29 zephyr/kernel/libkernel.a(priority_queues.c.obj)
                0x00000000001032a7                z_priq_rb_lessthan
 .text.slice_timeout
                0x00000000001032d0       0x1d zephyr/kernel/libkernel.a(timeslicing.c.obj)
 .text.thread_is_sliceable
                0x00000000001032ed       0x3f zephyr/kernel/libkernel.a(timeslicing.c.obj)
                0x00000000001032ed                thread_is_sliceable
 .text.z_reset_time_slice
                0x000000000010332c       0x4e zephyr/kernel/libkernel.a(timeslicing.c.obj)
                0x000000000010332c                z_reset_time_slice
 .text.z_time_slice
                0x000000000010337a       0x4b zephyr/kernel/libkernel.a(timeslicing.c.obj)
                0x000000000010337a                z_time_slice
 .text.first    0x00000000001033c5        0xf zephyr/kernel/libkernel.a(timeout.c.obj)
 .text.next_timeout
                0x00000000001033d4       0x49 zephyr/kernel/libkernel.a(timeout.c.obj)
 .text.elapsed  0x000000000010341d       0x11 zephyr/kernel/libkernel.a(timeout.c.obj)
 .text.remove_timeout
                0x000000000010342e       0x36 zephyr/kernel/libkernel.a(timeout.c.obj)
 .text.z_add_timeout
                0x0000000000103464      0x18c zephyr/kernel/libkernel.a(timeout.c.obj)
                0x0000000000103464                z_add_timeout
 .text.z_abort_timeout
                0x00000000001035f0       0x59 zephyr/kernel/libkernel.a(timeout.c.obj)
                0x00000000001035f0                z_abort_timeout
 .text.sys_clock_announce
                0x0000000000103649       0xd4 zephyr/kernel/libkernel.a(timeout.c.obj)
                0x0000000000103649                sys_clock_announce
 .text.sys_clock_tick_get
                0x000000000010371d       0x23 zephyr/kernel/libkernel.a(timeout.c.obj)
                0x000000000010371d                sys_clock_tick_get
 .text.sys_clock_tick_get_32
                0x0000000000103740        0xa zephyr/kernel/libkernel.a(timeout.c.obj)
                0x0000000000103740                sys_clock_tick_get_32
 .text.z_impl_k_uptime_ticks
                0x000000000010374a        0x5 zephyr/kernel/libkernel.a(timeout.c.obj)
                0x000000000010374a                z_impl_k_uptime_ticks
 .text.virt_region_free
                0x000000000010374f       0x75 zephyr/kernel/libkernel.a(mmu.c.obj)
 .text.free_page_frame_list_put
                0x00000000001037c4       0x31 zephyr/kernel/libkernel.a(mmu.c.obj)
 .text.virt_region_alloc
                0x00000000001037f5       0xe0 zephyr/kernel/libkernel.a(mmu.c.obj)
 .text.virt_region_align
                0x00000000001038d5        0x6 zephyr/kernel/libkernel.a(mmu.c.obj)
                0x00000000001038d5                arch_virt_region_align
 .text.k_mem_region_align
                0x00000000001038db       0x32 zephyr/kernel/libkernel.a(mmu.c.obj)
                0x00000000001038db                k_mem_region_align
 .text.k_mem_map_phys_bare
                0x000000000010390d       0x76 zephyr/kernel/libkernel.a(mmu.c.obj)
                0x000000000010390d                k_mem_map_phys_bare
 .text.z_mem_manage_init
                0x0000000000103983       0x77 zephyr/kernel/libkernel.a(mmu.c.obj)
                0x0000000000103983                z_mem_manage_init
 .text.z_mem_manage_boot_finish
                0x00000000001039fa        0x1 zephyr/kernel/libkernel.a(mmu.c.obj)
                0x00000000001039fa                z_mem_manage_boot_finish
 .text.main     0x00000000001039fb        0x4 zephyr/kernel/libkernel.a(main_weak.c.obj)
                0x00000000001039fb                main
 .text.boot_banner
                0x00000000001039ff       0x10 zephyr/kernel/libkernel.a(banner.c.obj)
                0x00000000001039ff                boot_banner
 .text.strncpy  0x0000000000103a0f       0x2b /home/luciano/zephyr-sdk-0.16.5/x86_64-zephyr-elf/bin/../lib/gcc/../../picolibc/x86_64-zephyr-elf/lib/32/soft-float/libc.a(libc_string_strncpy.c.o)
                0x0000000000103a0f                strncpy
 .text.strnlen  0x0000000000103a3a       0x1d /home/luciano/zephyr-sdk-0.16.5/x86_64-zephyr-elf/bin/../lib/gcc/../../picolibc/x86_64-zephyr-elf/lib/32/soft-float/libc.a(libc_string_strnlen.c.o)
                0x0000000000103a3a                strnlen
 .text.snprintf
                0x0000000000103a57       0x66 /home/luciano/zephyr-sdk-0.16.5/x86_64-zephyr-elf/bin/../lib/gcc/../../picolibc/x86_64-zephyr-elf/lib/32/soft-float/libc.a(libc_tinystdio_snprintf.c.o)
                0x0000000000103a57                snprintf
 .text.__ultoa_invert
                0x0000000000103abd       0xe8 /home/luciano/zephyr-sdk-0.16.5/x86_64-zephyr-elf/bin/../lib/gcc/../../picolibc/x86_64-zephyr-elf/lib/32/soft-float/libc.a(libc_tinystdio_vflprintf.c.o)
 .text.__l_vfprintf
                0x0000000000103ba5      0x594 /home/luciano/zephyr-sdk-0.16.5/x86_64-zephyr-elf/bin/../lib/gcc/../../picolibc/x86_64-zephyr-elf/lib/32/soft-float/libc.a(libc_tinystdio_vflprintf.c.o)
                0x0000000000103ba5                __l_vfprintf
 .text.__file_str_put
                0x0000000000104139       0x20 /home/luciano/zephyr-sdk-0.16.5/x86_64-zephyr-elf/bin/../lib/gcc/../../picolibc/x86_64-zephyr-elf/lib/32/soft-float/libc.a(libc_tinystdio_filestrput.c.o)
                0x0000000000104139                __file_str_put
 *(SORT_BY_ALIGNMENT(.gnu.linkonce.t.*))
 *(.init)
 *(.fini)
 *(SORT_BY_ALIGNMENT(.eini))
                0x0000000000105000                . = ALIGN (0x1000)
 *fill*         0x0000000000104159      0xea7 00
                0x0000000000105000                __text_region_end = .
                0x0000000000005000                __text_region_size = (__text_region_end - __text_region_start)
                0x0000000000105000                __rodata_region_start = .

initlevel       0x0000000000105000       0x38
                0x0000000000105000                __init_start = .
                0x0000000000105000                __init_EARLY_start = .
 *(SORT_BY_NAME(SORT_BY_ALIGNMENT(.z_init_EARLY_P_?_*)))
 *(SORT_BY_NAME(SORT_BY_ALIGNMENT(.z_init_EARLY_P_??_*)))
 *(SORT_BY_NAME(SORT_BY_ALIGNMENT(.z_init_EARLY_P_???_*)))
                0x0000000000105000                __init_PRE_KERNEL_1_start = .
 *(SORT_BY_NAME(SORT_BY_ALIGNMENT(.z_init_PRE_KERNEL_1_P_?_*)))
 *(SORT_BY_NAME(SORT_BY_ALIGNMENT(.z_init_PRE_KERNEL_1_P_??_*)))
 .z_init_PRE_KERNEL_1_P_40_SUB_00011_
                0x0000000000105000        0x8 zephyr/drivers/interrupt_controller/libdrivers__interrupt_controller.a(intc_loapic.c.obj)
 .z_init_PRE_KERNEL_1_P_40_SUB_00015_
                0x0000000000105008        0x8 zephyr/drivers/interrupt_controller/libdrivers__interrupt_controller.a(intc_ioapic.c.obj)
 .z_init_PRE_KERNEL_1_P_50_SUB_00026_
                0x0000000000105010        0x8 zephyr/drivers/serial/libdrivers__serial.a(uart_ns16550.c.obj)
 .z_init_PRE_KERNEL_1_P_50_SUB_00027_
                0x0000000000105018        0x8 zephyr/drivers/serial/libdrivers__serial.a(uart_ns16550.c.obj)
 .z_init_PRE_KERNEL_1_P_60_SUB_0_
                0x0000000000105020        0x8 zephyr/drivers/console/libdrivers__console.a(uart_console.c.obj)
 *(SORT_BY_NAME(SORT_BY_ALIGNMENT(.z_init_PRE_KERNEL_1_P_???_*)))
                0x0000000000105028                __init_PRE_KERNEL_2_start = .
 *(SORT_BY_NAME(SORT_BY_ALIGNMENT(.z_init_PRE_KERNEL_2_P_?_*)))
 .z_init_PRE_KERNEL_2_P_0_SUB_0_
                0x0000000000105028        0x8 zephyr/drivers/timer/libdrivers__timer.a(hpet.c.obj)
 *(SORT_BY_NAME(SORT_BY_ALIGNMENT(.z_init_PRE_KERNEL_2_P_??_*)))
 *(SORT_BY_NAME(SORT_BY_ALIGNMENT(.z_init_PRE_KERNEL_2_P_???_*)))
                0x0000000000105030                __init_POST_KERNEL_start = .
 *(SORT_BY_NAME(SORT_BY_ALIGNMENT(.z_init_POST_KERNEL_P_?_*)))
 *(SORT_BY_NAME(SORT_BY_ALIGNMENT(.z_init_POST_KERNEL_P_??_*)))
 .z_init_POST_KERNEL_P_35_SUB_0_
                0x0000000000105030        0x8 zephyr/lib/libc/common/liblib__libc__common.a(malloc.c.obj)
 *(SORT_BY_NAME(SORT_BY_ALIGNMENT(.z_init_POST_KERNEL_P_???_*)))
                0x0000000000105038                __init_APPLICATION_start = .
 *(SORT_BY_NAME(SORT_BY_ALIGNMENT(.z_init_APPLICATION_P_?_*)))
 *(SORT_BY_NAME(SORT_BY_ALIGNMENT(.z_init_APPLICATION_P_??_*)))
 *(SORT_BY_NAME(SORT_BY_ALIGNMENT(.z_init_APPLICATION_P_???_*)))
                0x0000000000105038                __init_SMP_start = .
 *(SORT_BY_NAME(SORT_BY_ALIGNMENT(.z_init_SMP_P_?_*)))
 *(SORT_BY_NAME(SORT_BY_ALIGNMENT(.z_init_SMP_P_??_*)))
 *(SORT_BY_NAME(SORT_BY_ALIGNMENT(.z_init_SMP_P_???_*)))
                0x0000000000105038                __init_end = .

device_area     0x0000000000105038       0x80
                0x0000000000105038                _device_list_start = .
 *(SORT_BY_NAME(SORT_BY_ALIGNMENT(._device.static.*_?_*)))
 *(SORT_BY_NAME(SORT_BY_ALIGNMENT(._device.static.*_??_*)))
 ._device.static.1_40_
                0x0000000000105038       0x20 zephyr/drivers/interrupt_controller/libdrivers__interrupt_controller.a(intc_ioapic.c.obj)
                0x0000000000105038                __device_dts_ord_15
 ._device.static.1_40_
                0x0000000000105058       0x20 zephyr/drivers/interrupt_controller/libdrivers__interrupt_controller.a(intc_loapic.c.obj)
                0x0000000000105058                __device_dts_ord_11
 ._device.static.1_50_
                0x0000000000105078       0x40 zephyr/drivers/serial/libdrivers__serial.a(uart_ns16550.c.obj)
                0x0000000000105078                __device_dts_ord_27
                0x0000000000105098                __device_dts_ord_26
 *(SORT_BY_NAME(SORT_BY_ALIGNMENT(._device.static.*_???_*)))
 *(SORT_BY_NAME(SORT_BY_ALIGNMENT(._device.static.*_????_*)))
 *(SORT_BY_NAME(SORT_BY_ALIGNMENT(._device.static.*_?????_*)))
                0x00000000001050b8                _device_list_end = .

initlevel_error
                0x0000000000105000        0x0
 *(SORT_BY_NAME(SORT_BY_ALIGNMENT(.z_init_*)))
                0x0000000000000001                ASSERT ((SIZEOF (initlevel_error) == 0x0), Undefined initialization levels used.)

app_shmem_regions
                0x00000000001050b8        0x0
                0x00000000001050b8                __app_shmem_regions_start = .
 *(SORT_BY_NAME(SORT_BY_ALIGNMENT(.app_regions.*)))
                0x00000000001050b8                __app_shmem_regions_end = .

k_p4wq_initparam_area
                0x00000000001050b8        0x0
                0x00000000001050b8                _k_p4wq_initparam_list_start = .
 *(SORT_BY_NAME(SORT_BY_ALIGNMENT(._k_p4wq_initparam.static.*)))
                0x00000000001050b8                _k_p4wq_initparam_list_end = .

_static_thread_data_area
                0x00000000001050b8       0x84
                0x00000000001050b8                __static_thread_data_list_start = .
 *(SORT_BY_NAME(SORT_BY_ALIGNMENT(.__static_thread_data.static.*)))
 .__static_thread_data.static._k_thread_data_display_id_
                0x00000000001050b8       0x2c app/libapp.a(main.c.obj)
                0x00000000001050b8                _k_thread_data_display_id
 .__static_thread_data.static._k_thread_data_sensor_id_
                0x00000000001050e4       0x2c app/libapp.a(main.c.obj)
                0x00000000001050e4                _k_thread_data_sensor_id
 .__static_thread_data.static._k_thread_data_teclado_id_
                0x0000000000105110       0x2c app/libapp.a(main.c.obj)
                0x0000000000105110                _k_thread_data_teclado_id
                0x000000000010513c                __static_thread_data_list_end = .

device_deps     0x000000000010513c        0x0
                0x000000000010513c                __device_deps_start = .
 *(SORT_BY_NAME(SORT_BY_ALIGNMENT(.__device_deps_pass2*)))
                0x000000000010513c                __device_deps_end = .

shared_irq_driver_api_area
                0x000000000010513c        0x0
                0x000000000010513c                _shared_irq_driver_api_list_start = .
 *(SORT_BY_NAME(SORT_BY_ALIGNMENT(._shared_irq_driver_api.static.*)))
                0x000000000010513c                _shared_irq_driver_api_list_end = .

crypto_driver_api_area
                0x000000000010513c        0x0
                0x000000000010513c                _crypto_driver_api_list_start = .
 *(SORT_BY_NAME(SORT_BY_ALIGNMENT(._crypto_driver_api.static.*)))
                0x000000000010513c                _crypto_driver_api_list_end = .

adc_driver_api_area
                0x000000000010513c        0x0
                0x000000000010513c                _adc_driver_api_list_start = .
 *(SORT_BY_NAME(SORT_BY_ALIGNMENT(._adc_driver_api.static.*)))
                0x000000000010513c                _adc_driver_api_list_end = .

auxdisplay_driver_api_area
                0x000000000010513c        0x0
                0x000000000010513c                _auxdisplay_driver_api_list_start = .
 *(SORT_BY_NAME(SORT_BY_ALIGNMENT(._auxdisplay_driver_api.static.*)))
                0x000000000010513c                _auxdisplay_driver_api_list_end = .

bbram_driver_api_area
                0x000000000010513c        0x0
                0x000000000010513c                _bbram_driver_api_list_start = .
 *(SORT_BY_NAME(SORT_BY_ALIGNMENT(._bbram_driver_api.static.*)))
                0x000000000010513c                _bbram_driver_api_list_end = .

bt_hci_driver_api_area
                0x000000000010513c        0x0
                0x000000000010513c                _bt_hci_driver_api_list_start = .
 *(SORT_BY_NAME(SORT_BY_ALIGNMENT(._bt_hci_driver_api.static.*)))
                0x000000000010513c                _bt_hci_driver_api_list_end = .

can_driver_api_area
                0x000000000010513c        0x0
                0x000000000010513c                _can_driver_api_list_start = .
 *(SORT_BY_NAME(SORT_BY_ALIGNMENT(._can_driver_api.static.*)))
                0x000000000010513c                _can_driver_api_list_end = .

cellular_driver_api_area
                0x000000000010513c        0x0
                0x000000000010513c                _cellular_driver_api_list_start = .
 *(SORT_BY_NAME(SORT_BY_ALIGNMENT(._cellular_driver_api.static.*)))
                0x000000000010513c                _cellular_driver_api_list_end = .

charger_driver_api_area
                0x000000000010513c        0x0
                0x000000000010513c                _charger_driver_api_list_start = .
 *(SORT_BY_NAME(SORT_BY_ALIGNMENT(._charger_driver_api.static.*)))
                0x000000000010513c                _charger_driver_api_list_end = .

clock_control_driver_api_area
                0x000000000010513c        0x0
                0x000000000010513c                _clock_control_driver_api_list_start = .
 *(SORT_BY_NAME(SORT_BY_ALIGNMENT(._clock_control_driver_api.static.*)))
                0x000000000010513c                _clock_control_driver_api_list_end = .

comparator_driver_api_area
                0x000000000010513c        0x0
                0x000000000010513c                _comparator_driver_api_list_start = .
 *(SORT_BY_NAME(SORT_BY_ALIGNMENT(._comparator_driver_api.static.*)))
                0x000000000010513c                _comparator_driver_api_list_end = .

coredump_driver_api_area
                0x000000000010513c        0x0
                0x000000000010513c                _coredump_driver_api_list_start = .
 *(SORT_BY_NAME(SORT_BY_ALIGNMENT(._coredump_driver_api.static.*)))
                0x000000000010513c                _coredump_driver_api_list_end = .

counter_driver_api_area
                0x000000000010513c        0x0
                0x000000000010513c                _counter_driver_api_list_start = .
 *(SORT_BY_NAME(SORT_BY_ALIGNMENT(._counter_driver_api.static.*)))
                0x000000000010513c                _counter_driver_api_list_end = .

dac_driver_api_area
                0x000000000010513c        0x0
                0x000000000010513c                _dac_driver_api_list_start = .
 *(SORT_BY_NAME(SORT_BY_ALIGNMENT(._dac_driver_api.static.*)))
                0x000000000010513c                _dac_driver_api_list_end = .

dai_driver_api_area
                0x000000000010513c        0x0
                0x000000000010513c                _dai_driver_api_list_start = .
 *(SORT_BY_NAME(SORT_BY_ALIGNMENT(._dai_driver_api.static.*)))
                0x000000000010513c                _dai_driver_api_list_end = .

display_driver_api_area
                0x000000000010513c        0x0
                0x000000000010513c                _display_driver_api_list_start = .
 *(SORT_BY_NAME(SORT_BY_ALIGNMENT(._display_driver_api.static.*)))
                0x000000000010513c                _display_driver_api_list_end = .

dma_driver_api_area
                0x000000000010513c        0x0
                0x000000000010513c                _dma_driver_api_list_start = .
 *(SORT_BY_NAME(SORT_BY_ALIGNMENT(._dma_driver_api.static.*)))
                0x000000000010513c                _dma_driver_api_list_end = .

edac_driver_api_area
                0x000000000010513c        0x0
                0x000000000010513c                _edac_driver_api_list_start = .
 *(SORT_BY_NAME(SORT_BY_ALIGNMENT(._edac_driver_api.static.*)))
                0x000000000010513c                _edac_driver_api_list_end = .

eeprom_driver_api_area
                0x000000000010513c        0x0
                0x000000000010513c                _eeprom_driver_api_list_start = .
 *(SORT_BY_NAME(SORT_BY_ALIGNMENT(._eeprom_driver_api.static.*)))
                0x000000000010513c                _eeprom_driver_api_list_end = .

emul_bbram_driver_api_area
                0x000000000010513c        0x0
                0x000000000010513c                _emul_bbram_driver_api_list_start = .
 *(SORT_BY_NAME(SORT_BY_ALIGNMENT(._emul_bbram_driver_api.static.*)))
                0x000000000010513c                _emul_bbram_driver_api_list_end = .

fuel_gauge_emul_driver_api_area
                0x000000000010513c        0x0
                0x000000000010513c                _fuel_gauge_emul_driver_api_list_start = .
 *(SORT_BY_NAME(SORT_BY_ALIGNMENT(._fuel_gauge_emul_driver_api.static.*)))
                0x000000000010513c                _fuel_gauge_emul_driver_api_list_end = .

emul_sensor_driver_api_area
                0x000000000010513c        0x0
                0x000000000010513c                _emul_sensor_driver_api_list_start = .
 *(SORT_BY_NAME(SORT_BY_ALIGNMENT(._emul_sensor_driver_api.static.*)))
                0x000000000010513c                _emul_sensor_driver_api_list_end = .

entropy_driver_api_area
                0x000000000010513c        0x0
                0x000000000010513c                _entropy_driver_api_list_start = .
 *(SORT_BY_NAME(SORT_BY_ALIGNMENT(._entropy_driver_api.static.*)))
                0x000000000010513c                _entropy_driver_api_list_end = .

espi_driver_api_area
                0x000000000010513c        0x0
                0x000000000010513c                _espi_driver_api_list_start = .
 *(SORT_BY_NAME(SORT_BY_ALIGNMENT(._espi_driver_api.static.*)))
                0x000000000010513c                _espi_driver_api_list_end = .

espi_saf_driver_api_area
                0x000000000010513c        0x0
                0x000000000010513c                _espi_saf_driver_api_list_start = .
 *(SORT_BY_NAME(SORT_BY_ALIGNMENT(._espi_saf_driver_api.static.*)))
                0x000000000010513c                _espi_saf_driver_api_list_end = .

flash_driver_api_area
                0x000000000010513c        0x0
                0x000000000010513c                _flash_driver_api_list_start = .
 *(SORT_BY_NAME(SORT_BY_ALIGNMENT(._flash_driver_api.static.*)))
                0x000000000010513c                _flash_driver_api_list_end = .

fpga_driver_api_area
                0x000000000010513c        0x0
                0x000000000010513c                _fpga_driver_api_list_start = .
 *(SORT_BY_NAME(SORT_BY_ALIGNMENT(._fpga_driver_api.static.*)))
                0x000000000010513c                _fpga_driver_api_list_end = .

fuel_gauge_driver_api_area
                0x000000000010513c        0x0
                0x000000000010513c                _fuel_gauge_driver_api_list_start = .
 *(SORT_BY_NAME(SORT_BY_ALIGNMENT(._fuel_gauge_driver_api.static.*)))
                0x000000000010513c                _fuel_gauge_driver_api_list_end = .

gnss_driver_api_area
                0x000000000010513c        0x0
                0x000000000010513c                _gnss_driver_api_list_start = .
 *(SORT_BY_NAME(SORT_BY_ALIGNMENT(._gnss_driver_api.static.*)))
                0x000000000010513c                _gnss_driver_api_list_end = .

gpio_driver_api_area
                0x000000000010513c        0x0
                0x000000000010513c                _gpio_driver_api_list_start = .
 *(SORT_BY_NAME(SORT_BY_ALIGNMENT(._gpio_driver_api.static.*)))
                0x000000000010513c                _gpio_driver_api_list_end = .

haptics_driver_api_area
                0x000000000010513c        0x0
                0x000000000010513c                _haptics_driver_api_list_start = .
 *(SORT_BY_NAME(SORT_BY_ALIGNMENT(._haptics_driver_api.static.*)))
                0x000000000010513c                _haptics_driver_api_list_end = .

hwspinlock_driver_api_area
                0x000000000010513c        0x0
                0x000000000010513c                _hwspinlock_driver_api_list_start = .
 *(SORT_BY_NAME(SORT_BY_ALIGNMENT(._hwspinlock_driver_api.static.*)))
                0x000000000010513c                _hwspinlock_driver_api_list_end = .

i2c_driver_api_area
                0x000000000010513c        0x0
                0x000000000010513c                _i2c_driver_api_list_start = .
 *(SORT_BY_NAME(SORT_BY_ALIGNMENT(._i2c_driver_api.static.*)))
                0x000000000010513c                _i2c_driver_api_list_end = .

i2c_target_driver_api_area
                0x000000000010513c        0x0
                0x000000000010513c                _i2c_target_driver_api_list_start = .
 *(SORT_BY_NAME(SORT_BY_ALIGNMENT(._i2c_target_driver_api.static.*)))
                0x000000000010513c                _i2c_target_driver_api_list_end = .

i2s_driver_api_area
                0x000000000010513c        0x0
                0x000000000010513c                _i2s_driver_api_list_start = .
 *(SORT_BY_NAME(SORT_BY_ALIGNMENT(._i2s_driver_api.static.*)))
                0x000000000010513c                _i2s_driver_api_list_end = .

i3c_driver_api_area
                0x000000000010513c        0x0
                0x000000000010513c                _i3c_driver_api_list_start = .
 *(SORT_BY_NAME(SORT_BY_ALIGNMENT(._i3c_driver_api.static.*)))
                0x000000000010513c                _i3c_driver_api_list_end = .

ipm_driver_api_area
                0x000000000010513c        0x0
                0x000000000010513c                _ipm_driver_api_list_start = .
 *(SORT_BY_NAME(SORT_BY_ALIGNMENT(._ipm_driver_api.static.*)))
                0x000000000010513c                _ipm_driver_api_list_end = .

led_driver_api_area
                0x000000000010513c        0x0
                0x000000000010513c                _led_driver_api_list_start = .
 *(SORT_BY_NAME(SORT_BY_ALIGNMENT(._led_driver_api.static.*)))
                0x000000000010513c                _led_driver_api_list_end = .

led_strip_driver_api_area
                0x000000000010513c        0x0
                0x000000000010513c                _led_strip_driver_api_list_start = .
 *(SORT_BY_NAME(SORT_BY_ALIGNMENT(._led_strip_driver_api.static.*)))
                0x000000000010513c                _led_strip_driver_api_list_end = .

lora_driver_api_area
                0x000000000010513c        0x0
                0x000000000010513c                _lora_driver_api_list_start = .
 *(SORT_BY_NAME(SORT_BY_ALIGNMENT(._lora_driver_api.static.*)))
                0x000000000010513c                _lora_driver_api_list_end = .

mbox_driver_api_area
                0x000000000010513c        0x0
                0x000000000010513c                _mbox_driver_api_list_start = .
 *(SORT_BY_NAME(SORT_BY_ALIGNMENT(._mbox_driver_api.static.*)))
                0x000000000010513c                _mbox_driver_api_list_end = .

mdio_driver_api_area
                0x000000000010513c        0x0
                0x000000000010513c                _mdio_driver_api_list_start = .
 *(SORT_BY_NAME(SORT_BY_ALIGNMENT(._mdio_driver_api.static.*)))
                0x000000000010513c                _mdio_driver_api_list_end = .

mipi_dbi_driver_api_area
                0x000000000010513c        0x0
                0x000000000010513c                _mipi_dbi_driver_api_list_start = .
 *(SORT_BY_NAME(SORT_BY_ALIGNMENT(._mipi_dbi_driver_api.static.*)))
                0x000000000010513c                _mipi_dbi_driver_api_list_end = .

mipi_dsi_driver_api_area
                0x000000000010513c        0x0
                0x000000000010513c                _mipi_dsi_driver_api_list_start = .
 *(SORT_BY_NAME(SORT_BY_ALIGNMENT(._mipi_dsi_driver_api.static.*)))
                0x000000000010513c                _mipi_dsi_driver_api_list_end = .

mspi_driver_api_area
                0x000000000010513c        0x0
                0x000000000010513c                _mspi_driver_api_list_start = .
 *(SORT_BY_NAME(SORT_BY_ALIGNMENT(._mspi_driver_api.static.*)))
                0x000000000010513c                _mspi_driver_api_list_end = .

peci_driver_api_area
                0x000000000010513c        0x0
                0x000000000010513c                _peci_driver_api_list_start = .
 *(SORT_BY_NAME(SORT_BY_ALIGNMENT(._peci_driver_api.static.*)))
                0x000000000010513c                _peci_driver_api_list_end = .

ps2_driver_api_area
                0x000000000010513c        0x0
                0x000000000010513c                _ps2_driver_api_list_start = .
 *(SORT_BY_NAME(SORT_BY_ALIGNMENT(._ps2_driver_api.static.*)))
                0x000000000010513c                _ps2_driver_api_list_end = .

ptp_clock_driver_api_area
                0x000000000010513c        0x0
                0x000000000010513c                _ptp_clock_driver_api_list_start = .
 *(SORT_BY_NAME(SORT_BY_ALIGNMENT(._ptp_clock_driver_api.static.*)))
                0x000000000010513c                _ptp_clock_driver_api_list_end = .

pwm_driver_api_area
                0x000000000010513c        0x0
                0x000000000010513c                _pwm_driver_api_list_start = .
 *(SORT_BY_NAME(SORT_BY_ALIGNMENT(._pwm_driver_api.static.*)))
                0x000000000010513c                _pwm_driver_api_list_end = .

regulator_parent_driver_api_area
                0x000000000010513c        0x0
                0x000000000010513c                _regulator_parent_driver_api_list_start = .
 *(SORT_BY_NAME(SORT_BY_ALIGNMENT(._regulator_parent_driver_api.static.*)))
                0x000000000010513c                _regulator_parent_driver_api_list_end = .

regulator_driver_api_area
                0x000000000010513c        0x0
                0x000000000010513c                _regulator_driver_api_list_start = .
 *(SORT_BY_NAME(SORT_BY_ALIGNMENT(._regulator_driver_api.static.*)))
                0x000000000010513c                _regulator_driver_api_list_end = .

reset_driver_api_area
                0x000000000010513c        0x0
                0x000000000010513c                _reset_driver_api_list_start = .
 *(SORT_BY_NAME(SORT_BY_ALIGNMENT(._reset_driver_api.static.*)))
                0x000000000010513c                _reset_driver_api_list_end = .

retained_mem_driver_api_area
                0x000000000010513c        0x0
                0x000000000010513c                _retained_mem_driver_api_list_start = .
 *(SORT_BY_NAME(SORT_BY_ALIGNMENT(._retained_mem_driver_api.static.*)))
                0x000000000010513c                _retained_mem_driver_api_list_end = .

rtc_driver_api_area
                0x000000000010513c        0x0
                0x000000000010513c                _rtc_driver_api_list_start = .
 *(SORT_BY_NAME(SORT_BY_ALIGNMENT(._rtc_driver_api.static.*)))
                0x000000000010513c                _rtc_driver_api_list_end = .

sdhc_driver_api_area
                0x000000000010513c        0x0
                0x000000000010513c                _sdhc_driver_api_list_start = .
 *(SORT_BY_NAME(SORT_BY_ALIGNMENT(._sdhc_driver_api.static.*)))
                0x000000000010513c                _sdhc_driver_api_list_end = .

sensor_driver_api_area
                0x000000000010513c        0x0
                0x000000000010513c                _sensor_driver_api_list_start = .
 *(SORT_BY_NAME(SORT_BY_ALIGNMENT(._sensor_driver_api.static.*)))
                0x000000000010513c                _sensor_driver_api_list_end = .

smbus_driver_api_area
                0x000000000010513c        0x0
                0x000000000010513c                _smbus_driver_api_list_start = .
 *(SORT_BY_NAME(SORT_BY_ALIGNMENT(._smbus_driver_api.static.*)))
                0x000000000010513c                _smbus_driver_api_list_end = .

spi_driver_api_area
                0x000000000010513c        0x0
                0x000000000010513c                _spi_driver_api_list_start = .
 *(SORT_BY_NAME(SORT_BY_ALIGNMENT(._spi_driver_api.static.*)))
                0x000000000010513c                _spi_driver_api_list_end = .

stepper_driver_api_area
                0x000000000010513c        0x0
                0x000000000010513c                _stepper_driver_api_list_start = .
 *(SORT_BY_NAME(SORT_BY_ALIGNMENT(._stepper_driver_api.static.*)))
                0x000000000010513c                _stepper_driver_api_list_end = .

syscon_driver_api_area
                0x000000000010513c        0x0
                0x000000000010513c                _syscon_driver_api_list_start = .
 *(SORT_BY_NAME(SORT_BY_ALIGNMENT(._syscon_driver_api.static.*)))
                0x000000000010513c                _syscon_driver_api_list_end = .

tee_driver_api_area
                0x000000000010513c        0x0
                0x000000000010513c                _tee_driver_api_list_start = .
 *(SORT_BY_NAME(SORT_BY_ALIGNMENT(._tee_driver_api.static.*)))
                0x000000000010513c                _tee_driver_api_list_end = .

video_driver_api_area
                0x000000000010513c        0x0
                0x000000000010513c                _video_driver_api_list_start = .
 *(SORT_BY_NAME(SORT_BY_ALIGNMENT(._video_driver_api.static.*)))
                0x000000000010513c                _video_driver_api_list_end = .

virtio_driver_api_area
                0x000000000010513c        0x0
                0x000000000010513c                _virtio_driver_api_list_start = .
 *(SORT_BY_NAME(SORT_BY_ALIGNMENT(._virtio_driver_api.static.*)))
                0x000000000010513c                _virtio_driver_api_list_end = .

w1_driver_api_area
                0x000000000010513c        0x0
                0x000000000010513c                _w1_driver_api_list_start = .
 *(SORT_BY_NAME(SORT_BY_ALIGNMENT(._w1_driver_api.static.*)))
                0x000000000010513c                _w1_driver_api_list_end = .

wdt_driver_api_area
                0x000000000010513c        0x0
                0x000000000010513c                _wdt_driver_api_list_start = .
 *(SORT_BY_NAME(SORT_BY_ALIGNMENT(._wdt_driver_api.static.*)))
                0x000000000010513c                _wdt_driver_api_list_end = .

can_transceiver_driver_api_area
                0x000000000010513c        0x0
                0x000000000010513c                _can_transceiver_driver_api_list_start = .
 *(SORT_BY_NAME(SORT_BY_ALIGNMENT(._can_transceiver_driver_api.static.*)))
                0x000000000010513c                _can_transceiver_driver_api_list_end = .

nrf_clock_control_driver_api_area
                0x000000000010513c        0x0
                0x000000000010513c                _nrf_clock_control_driver_api_list_start = .
 *(SORT_BY_NAME(SORT_BY_ALIGNMENT(._nrf_clock_control_driver_api.static.*)))
                0x000000000010513c                _nrf_clock_control_driver_api_list_end = .

i3c_target_driver_api_area
                0x000000000010513c        0x0
                0x000000000010513c                _i3c_target_driver_api_list_start = .
 *(SORT_BY_NAME(SORT_BY_ALIGNMENT(._i3c_target_driver_api.static.*)))
                0x000000000010513c                _i3c_target_driver_api_list_end = .

its_driver_api_area
                0x000000000010513c        0x0
                0x000000000010513c                _its_driver_api_list_start = .
 *(SORT_BY_NAME(SORT_BY_ALIGNMENT(._its_driver_api.static.*)))
                0x000000000010513c                _its_driver_api_list_end = .

vtd_driver_api_area
                0x000000000010513c        0x0
                0x000000000010513c                _vtd_driver_api_list_start = .
 *(SORT_BY_NAME(SORT_BY_ALIGNMENT(._vtd_driver_api.static.*)))
                0x000000000010513c                _vtd_driver_api_list_end = .

renesas_elc_driver_api_area
                0x000000000010513c        0x0
                0x000000000010513c                _renesas_elc_driver_api_list_start = .
 *(SORT_BY_NAME(SORT_BY_ALIGNMENT(._renesas_elc_driver_api.static.*)))
                0x000000000010513c                _renesas_elc_driver_api_list_end = .

tgpio_driver_api_area
                0x000000000010513c        0x0
                0x000000000010513c                _tgpio_driver_api_list_start = .
 *(SORT_BY_NAME(SORT_BY_ALIGNMENT(._tgpio_driver_api.static.*)))
                0x000000000010513c                _tgpio_driver_api_list_end = .

pcie_ctrl_driver_api_area
                0x000000000010513c        0x0
                0x000000000010513c                _pcie_ctrl_driver_api_list_start = .
 *(SORT_BY_NAME(SORT_BY_ALIGNMENT(._pcie_ctrl_driver_api.static.*)))
                0x000000000010513c                _pcie_ctrl_driver_api_list_end = .

pcie_ep_driver_api_area
                0x000000000010513c        0x0
                0x000000000010513c                _pcie_ep_driver_api_list_start = .
 *(SORT_BY_NAME(SORT_BY_ALIGNMENT(._pcie_ep_driver_api.static.*)))
                0x000000000010513c                _pcie_ep_driver_api_list_end = .

psi5_driver_api_area
                0x000000000010513c        0x0
                0x000000000010513c                _psi5_driver_api_list_start = .
 *(SORT_BY_NAME(SORT_BY_ALIGNMENT(._psi5_driver_api.static.*)))
                0x000000000010513c                _psi5_driver_api_list_end = .

sent_driver_api_area
                0x000000000010513c        0x0
                0x000000000010513c                _sent_driver_api_list_start = .
 *(SORT_BY_NAME(SORT_BY_ALIGNMENT(._sent_driver_api.static.*)))
                0x000000000010513c                _sent_driver_api_list_end = .

svc_driver_api_area
                0x000000000010513c        0x0
                0x000000000010513c                _svc_driver_api_list_start = .
 *(SORT_BY_NAME(SORT_BY_ALIGNMENT(._svc_driver_api.static.*)))
                0x000000000010513c                _svc_driver_api_list_end = .

uart_driver_api_area
                0x000000000010513c       0x14
                0x000000000010513c                _uart_driver_api_list_start = .
 *(SORT_BY_NAME(SORT_BY_ALIGNMENT(._uart_driver_api.static.*)))
 ._uart_driver_api.static.uart_ns16550_driver_api_
                0x000000000010513c       0x14 zephyr/drivers/serial/libdrivers__serial.a(uart_ns16550.c.obj)
                0x0000000000105150                _uart_driver_api_list_end = .

bc12_emul_driver_api_area
                0x0000000000105150        0x0
                0x0000000000105150                _bc12_emul_driver_api_list_start = .
 *(SORT_BY_NAME(SORT_BY_ALIGNMENT(._bc12_emul_driver_api.static.*)))
                0x0000000000105150                _bc12_emul_driver_api_list_end = .

bc12_driver_api_area
                0x0000000000105150        0x0
                0x0000000000105150                _bc12_driver_api_list_start = .
 *(SORT_BY_NAME(SORT_BY_ALIGNMENT(._bc12_driver_api.static.*)))
                0x0000000000105150                _bc12_driver_api_list_end = .

usbc_ppc_driver_api_area
                0x0000000000105150        0x0
                0x0000000000105150                _usbc_ppc_driver_api_list_start = .
 *(SORT_BY_NAME(SORT_BY_ALIGNMENT(._usbc_ppc_driver_api.static.*)))
                0x0000000000105150                _usbc_ppc_driver_api_list_end = .

tcpc_driver_api_area
                0x0000000000105150        0x0
                0x0000000000105150                _tcpc_driver_api_list_start = .
 *(SORT_BY_NAME(SORT_BY_ALIGNMENT(._tcpc_driver_api.static.*)))
                0x0000000000105150                _tcpc_driver_api_list_end = .

usbc_vbus_driver_api_area
                0x0000000000105150        0x0
                0x0000000000105150                _usbc_vbus_driver_api_list_start = .
 *(SORT_BY_NAME(SORT_BY_ALIGNMENT(._usbc_vbus_driver_api.static.*)))
                0x0000000000105150                _usbc_vbus_driver_api_list_end = .

ivshmem_driver_api_area
                0x0000000000105150        0x0
                0x0000000000105150                _ivshmem_driver_api_list_start = .
 *(SORT_BY_NAME(SORT_BY_ALIGNMENT(._ivshmem_driver_api.static.*)))
                0x0000000000105150                _ivshmem_driver_api_list_end = .

ethphy_driver_api_area
                0x0000000000105150        0x0
                0x0000000000105150                _ethphy_driver_api_list_start = .
 *(SORT_BY_NAME(SORT_BY_ALIGNMENT(._ethphy_driver_api.static.*)))
                0x0000000000105150                _ethphy_driver_api_list_end = .

ztest           0x0000000000105150        0x0
                0x0000000000105150                _ztest_expected_result_entry_list_start = .
 *(SORT_BY_NAME(SORT_BY_ALIGNMENT(._ztest_expected_result_entry.static.*)))
                0x0000000000105150                _ztest_expected_result_entry_list_end = .
                0x0000000000105150                _ztest_suite_node_list_start = .
 *(SORT_BY_NAME(SORT_BY_ALIGNMENT(._ztest_suite_node.static.*)))
                0x0000000000105150                _ztest_suite_node_list_end = .
                0x0000000000105150                _ztest_unit_test_list_start = .
 *(SORT_BY_NAME(SORT_BY_ALIGNMENT(._ztest_unit_test.static.*)))
                0x0000000000105150                _ztest_unit_test_list_end = .
                0x0000000000105150                _ztest_test_rule_list_start = .
 *(SORT_BY_NAME(SORT_BY_ALIGNMENT(._ztest_test_rule.static.*)))
                0x0000000000105150                _ztest_test_rule_list_end = .

init_array      0x0000000000105150        0x0
                0x0000000000105150                __zephyr_init_array_start = .
 *(SORT_BY_INIT_PRIORITY(.init_array.*) SORT_BY_INIT_PRIORITY(.ctors.*))
 *(SORT_BY_ALIGNMENT(.init_array) SORT_BY_ALIGNMENT(.ctors))
                0x0000000000105150                __zephyr_init_array_end = .
                0x0000000000000001                ASSERT ((__zephyr_init_array_start == __zephyr_init_array_end), GNU-style constructors required but STATIC_INIT_GNU not enabled)

bt_l2cap_fixed_chan_area
                0x0000000000105150        0x0
                0x0000000000105150                _bt_l2cap_fixed_chan_list_start = .
 *(SORT_BY_NAME(SORT_BY_ALIGNMENT(._bt_l2cap_fixed_chan.static.*)))
                0x0000000000105150                _bt_l2cap_fixed_chan_list_end = .

bt_gatt_service_static_area
                0x0000000000105150        0x0
                0x0000000000105150                _bt_gatt_service_static_list_start = .
 *(SORT_BY_NAME(SORT_BY_ALIGNMENT(._bt_gatt_service_static.static.*)))
                0x0000000000105150                _bt_gatt_service_static_list_end = .

log_strings_area
                0x0000000000105150        0x0
                0x0000000000105150                _log_strings_list_start = .
 *(SORT_BY_NAME(SORT_BY_ALIGNMENT(._log_strings.static.*)))
                0x0000000000105150                _log_strings_list_end = .

log_stmesp_ptr_area
                0x0000000000105150        0x0
                0x0000000000105150                _log_stmesp_ptr_list_start = .
 *(SORT_BY_NAME(SORT_BY_ALIGNMENT(._log_stmesp_ptr.static.*)))
                0x0000000000105150                _log_stmesp_ptr_list_end = .

log_stmesp_str_area
                0x0000000000105150        0x0
                0x0000000000105150                _log_stmesp_str_list_start = .
 *(SORT_BY_NAME(SORT_BY_ALIGNMENT(._log_stmesp_str.static.*)))
                0x0000000000105150                _log_stmesp_str_list_end = .

log_const_area  0x0000000000105150        0x0
                0x0000000000105150                _log_const_list_start = .
 *(SORT_BY_NAME(SORT_BY_ALIGNMENT(._log_const.static.*)))
                0x0000000000105150                _log_const_list_end = .

log_backend_area
                0x0000000000105150        0x0
                0x0000000000105150                _log_backend_list_start = .
 *(SORT_BY_NAME(SORT_BY_ALIGNMENT(._log_backend.static.*)))
                0x0000000000105150                _log_backend_list_end = .

log_link_area   0x0000000000105150        0x0
                0x0000000000105150                _log_link_list_start = .
 *(SORT_BY_NAME(SORT_BY_ALIGNMENT(._log_link.static.*)))
                0x0000000000105150                _log_link_list_end = .

tracing_backend_area
                0x0000000000105150        0x0
                0x0000000000105150                _tracing_backend_list_start = .
 *(SORT_BY_NAME(SORT_BY_ALIGNMENT(._tracing_backend.static.*)))
                0x0000000000105150                _tracing_backend_list_end = .

zephyr_dbg_info
 *(SORT_BY_ALIGNMENT(.dbg_thread_info))

intc_table_area
                0x0000000000105150        0x0
                0x0000000000105150                _intc_table_list_start = .
 *(SORT_BY_NAME(SORT_BY_ALIGNMENT(._intc_table.static.*)))
                0x0000000000105150                _intc_table_list_end = .

symbol_to_keep  0x0000000000105150        0x0
                0x0000000000105150                __symbol_to_keep_start = .
 *(SORT_BY_NAME(SORT_BY_ALIGNMENT(.symbol_to_keep*)))
                0x0000000000105150                __symbol_to_keep_end = .

shell_area      0x0000000000105150        0x0
                0x0000000000105150                _shell_list_start = .
 *(SORT_BY_NAME(SORT_BY_ALIGNMENT(._shell.static.*)))
                0x0000000000105150                _shell_list_end = .

shell_root_cmds_area
                0x0000000000105150        0x0
                0x0000000000105150                _shell_root_cmds_list_start = .
 *(SORT_BY_NAME(SORT_BY_ALIGNMENT(._shell_root_cmds.static.*)))
                0x0000000000105150                _shell_root_cmds_list_end = .

shell_subcmds_area
                0x0000000000105150        0x0
                0x0000000000105150                _shell_subcmds_list_start = .
 *(SORT_BY_NAME(SORT_BY_ALIGNMENT(._shell_subcmds.static.*)))
                0x0000000000105150                _shell_subcmds_list_end = .

shell_dynamic_subcmds_area
                0x0000000000105150        0x0
                0x0000000000105150                _shell_dynamic_subcmds_list_start = .
 *(SORT_BY_NAME(SORT_BY_ALIGNMENT(._shell_dynamic_subcmds.static.*)))
                0x0000000000105150                _shell_dynamic_subcmds_list_end = .

cfb_font_area   0x0000000000105150        0x0
                0x0000000000105150                _cfb_font_list_start = .
 *(SORT_BY_NAME(SORT_BY_ALIGNMENT(._cfb_font.static.*)))
                0x0000000000105150                _cfb_font_list_end = .

tdata           0x0000000000105150        0x0
 *(SORT_BY_ALIGNMENT(.tdata) SORT_BY_ALIGNMENT(.tdata.*) SORT_BY_ALIGNMENT(.gnu.linkonce.td.*))

tbss            0x0000000000105150        0x4
 *(SORT_BY_ALIGNMENT(.tbss) SORT_BY_ALIGNMENT(.tbss.*) SORT_BY_ALIGNMENT(.gnu.linkonce.tb.*) SORT_BY_ALIGNMENT(.tcommon))
 .tbss.z_tls_current
                0x0000000000105150        0x4 zephyr/libzephyr.a(thread_entry.c.obj)
                0x0000000000105150                z_tls_current
                0x0000000000105150                PROVIDE (__tdata_start = ADDR (tdata))
                0x0000000000000001                PROVIDE (__tdata_align = ALIGNOF (tdata))
                0x0000000000000000                PROVIDE (__tdata_size = (((SIZEOF (tdata) + __tdata_align) - 0x1) & ~ ((__tdata_align - 0x1))))
                [!provide]                        PROVIDE (__tdata_end = (__tdata_start + __tdata_size))
                0x0000000000000004                PROVIDE (__tbss_align = ALIGNOF (tbss))
                [!provide]                        PROVIDE (__tbss_start = ADDR (tbss))
                0x0000000000000004                PROVIDE (__tbss_size = (((SIZEOF (tbss) + __tbss_align) - 0x1) & ~ ((__tbss_align - 0x1))))
                [!provide]                        PROVIDE (__tbss_end = (__tbss_start + __tbss_size))
                [!provide]                        PROVIDE (__tls_start = __tdata_start)
                [!provide]                        PROVIDE (__tls_end = __tbss_end)
                [!provide]                        PROVIDE (__tls_size = (__tbss_end - __tdata_start))

rodata          0x0000000000105160      0xf90
 *(SORT_BY_ALIGNMENT(.rodata))
 *(SORT_BY_ALIGNMENT(.rodata.*))
 .rodata.paging_levels
                0x0000000000105160       0x3c zephyr/arch/arch/x86/core/libarch__x86__core.a(x86_mmu.c.obj)
 *fill*         0x000000000010519c        0x4 
 .rodata._gdt_rom
                0x00000000001051a0       0x18 zephyr/arch/arch/x86/core/libarch__x86__core.a(crt0.S.obj)
 .rodata.z_x86_unhandled_cpu_exception
                0x00000000001051b8       0x7c zephyr/arch/arch/x86/core/libarch__x86__core.a(fatal.c.obj)
 .rodata.CSWTCH.15
                0x0000000000105234        0x5 zephyr/arch/arch/x86/core/libarch__x86__core.a(multiboot.c.obj)
 *fill*         0x0000000000105239        0x3 
 .rodata.uart_ns16550_dev_cfg_1
                0x000000000010523c       0x18 zephyr/drivers/serial/libdrivers__serial.a(uart_ns16550.c.obj)
 .rodata.uart_ns16550_dev_cfg_0
                0x0000000000105254       0x18 zephyr/drivers/serial/libdrivers__serial.a(uart_ns16550.c.obj)
 .rodata._k_neg_eagain
                0x000000000010526c        0x4 zephyr/kernel/libkernel.a(errno.c.obj)
                0x000000000010526c                _k_neg_eagain
 .rodata.levels.0
                0x0000000000105270       0x18 zephyr/kernel/libkernel.a(init.c.obj)
 .rodata.__l_vfprintf
                0x0000000000105288       0x90 /home/luciano/zephyr-sdk-0.16.5/x86_64-zephyr-elf/bin/../lib/gcc/../../picolibc/x86_64-zephyr-elf/lib/32/soft-float/libc.a(libc_tinystdio_vflprintf.c.o)
 .rodata.sensor_thread.str1.1
                0x0000000000105318       0x17 app/libapp.a(main.c.obj)
 .rodata.display_thread.str1.1
                0x000000000010532f       0x18 app/libapp.a(main.c.obj)
 .rodata.teclado_thread.str1.1
                0x0000000000105347       0x18 app/libapp.a(main.c.obj)
 .rodata.str1.1
                0x000000000010535f       0x20 app/libapp.a(main.c.obj)
 .rodata.print_trace_address.str1.1
                0x000000000010537f       0x12 zephyr/arch/arch/x86/core/libarch__x86__core.a(fatal.c.obj)
 .rodata.walk_stackframe.constprop.0.str1.1
                0x0000000000105391       0x3d zephyr/arch/arch/x86/core/libarch__x86__core.a(fatal.c.obj)
 .rodata.z_x86_fatal_error.str1.1
                0x00000000001053ce       0xaa zephyr/arch/arch/x86/core/libarch__x86__core.a(fatal.c.obj)
 .rodata.z_x86_unhandled_cpu_exception.str1.1
                0x0000000000105478      0x202 zephyr/arch/arch/x86/core/libarch__x86__core.a(fatal.c.obj)
 .rodata.z_x86_page_fault_handler.str1.1
                0x000000000010567a      0x105 zephyr/arch/arch/x86/core/libarch__x86__core.a(fatal.c.obj)
 .rodata.str_append.str1.1
                0x000000000010577f        0x3 zephyr/arch/arch/x86/core/libarch__x86__core.a(x86_mmu.c.obj)
 .rodata.z_x86_dump_mmu_flags.str1.1
                0x0000000000105782       0x1c zephyr/arch/arch/x86/core/libarch__x86__core.a(x86_mmu.c.obj)
                                         0x1f (size before relaxing)
 .rodata.str1.1
                0x000000000010579e        0x8 zephyr/arch/arch/x86/core/libarch__x86__core.a(x86_mmu.c.obj)
                                          0xb (size before relaxing)
 .rodata.z_x86_early_serial_init.str1.1
                0x00000000001057a6       0x31 zephyr/arch/arch/x86/core/libarch__x86__core.a(early_serial.c.obj)
 .rodata.z_x86_spurious_irq.str1.1
                0x00000000001057d7       0x10 zephyr/arch/arch/x86/core/libarch__x86__core.a(fatal.c.obj)
 .rodata.str1.1
                0x00000000001057e7       0x10 zephyr/drivers/interrupt_controller/libdrivers__interrupt_controller.a(intc_ioapic.c.obj)
 .rodata.str1.1
                0x00000000001057f7       0x10 zephyr/drivers/interrupt_controller/libdrivers__interrupt_controller.a(intc_loapic.c.obj)
 .rodata.str1.1
                0x0000000000105807       0x12 zephyr/drivers/serial/libdrivers__serial.a(uart_ns16550.c.obj)
 .rodata.z_init_cpu.str1.1
                0x0000000000105819        0x5 zephyr/kernel/libkernel.a(init.c.obj)
 .rodata.z_cstart.str1.1
                0x000000000010581e        0x5 zephyr/kernel/libkernel.a(init.c.obj)
 .rodata.boot_banner.str1.1
                0x0000000000105823       0x3b zephyr/kernel/libkernel.a(banner.c.obj)
 .rodata.__l_vfprintf.str1.1
                0x000000000010585e        0xf /home/luciano/zephyr-sdk-0.16.5/x86_64-zephyr-elf/bin/../lib/gcc/../../picolibc/x86_64-zephyr-elf/lib/32/soft-float/libc.a(libc_tinystdio_vflprintf.c.o)
 *(SORT_BY_ALIGNMENT(.gnu.linkonce.r.*))
                0x0000000000105870                . = ALIGN (0x8)
 *fill*         0x000000000010586d        0x3 
                0x0000000000105870                _idt_base_address = .
 *(SORT_BY_ALIGNMENT(staticIdt))
 staticIdt      0x0000000000105870      0x800 zephyr/arch/arch/x86/staticIdt.o
                0x0000000000105870                _binary_staticIdt_bin_start
                0x0000000000106070                _binary_staticIdt_bin_end
                0x0000000000106070                . = ALIGN (0x4)
                0x0000000000106070                _irq_to_interrupt_vector = .
 *(SORT_BY_ALIGNMENT(irq_int_vector_map))
 irq_int_vector_map
                0x0000000000106070       0x80 zephyr/arch/arch/x86/irq_int_vector_map.o
                0x0000000000106070                _binary_irq_int_vector_map_bin_start
                0x00000000001060f0                _binary_irq_int_vector_map_bin_end

/DISCARD/
 *(SORT_BY_ALIGNMENT(.eh_frame))
                0x0000000000107000                . = ALIGN (0x1000)
                0x0000000000107000                __rodata_region_end = .
                0x0000000000002000                __rodata_region_size = (__rodata_region_end - __rodata_region_start)

/DISCARD/
 *(SORT_BY_ALIGNMENT(.got.plt))
 *(SORT_BY_ALIGNMENT(.igot.plt))
 *(SORT_BY_ALIGNMENT(.got))
 *(SORT_BY_ALIGNMENT(.igot))

datas           0x0000000000106100     0x1470
                0x0000000000107000                . = ALIGN (0x1000)
 *fill*         0x0000000000106100      0xf00 
                0x0000000000107000                __data_region_start = .
                0x0000000000107000                __data_start = .
 *(SORT_BY_ALIGNMENT(.data))
 *(SORT_BY_ALIGNMENT(.data.*))
 .data.x86_memmap
                0x0000000000107000      0x500 zephyr/arch/arch/x86/core/libarch__x86__core.a(memmap.c.obj)
                0x0000000000107000                x86_memmap
 .data._char_out
                0x0000000000107500        0x4 zephyr/libzephyr.a(printk.c.obj)
 .data.__stdout
                0x0000000000107504       0x10 zephyr/lib/libc/picolibc/liblib__libc__picolibc.a(stdio.c.obj)
 .data.uart_ns16550_dev_data_1
                0x0000000000107514       0x10 zephyr/drivers/serial/libdrivers__serial.a(uart_ns16550.c.obj)
 .data.uart_ns16550_dev_data_0
                0x0000000000107524       0x10 zephyr/drivers/serial/libdrivers__serial.a(uart_ns16550.c.obj)
 .data.slice_ticks
                0x0000000000107534        0x4 zephyr/kernel/libkernel.a(timeslicing.c.obj)
 .data.z_clock_hw_cycles_per_sec
                0x0000000000107538        0x4 zephyr/kernel/libkernel.a(timeout.c.obj)
                0x0000000000107538                z_clock_hw_cycles_per_sec
 .data.timeout_list
                0x000000000010753c        0x8 zephyr/kernel/libkernel.a(timeout.c.obj)
 .data.virt_region_bitmap
                0x0000000000107544        0xc zephyr/kernel/libkernel.a(mmu.c.obj)
 *(SORT_BY_ALIGNMENT(.kernel.*))
 *(SORT_BY_ALIGNMENT(.tss))
                0x0000000000107550                . = ALIGN (0x8)
                0x0000000000107550                _gdt = .
 *(SORT_BY_ALIGNMENT(gdt))
 gdt            0x0000000000107550       0x20 zephyr/arch/arch/x86/gdt.o
                0x0000000000107550                _binary_gdt_bin_start
                0x0000000000107570                _binary_gdt_bin_end
                0x0000000000107570                . = (. + 0x0)
                0x0000000000107570                . = ALIGN (0x4)
                0x0000000000107570                __data_end = .
                0x0000000000000570                __data_size = (__data_end - __data_start)
                0x0000000000106100                __data_load_start = LOADADDR (datas)
                0x0000000000106100                __data_region_load_start = LOADADDR (datas)

device_states   0x0000000000107570        0x8
                0x0000000000107570                . = ALIGN (0x4)
                0x0000000000107570                __device_states_start = .
 *(SORT_BY_ALIGNMENT(.z_devstate))
 .z_devstate    0x0000000000107570        0x2 zephyr/drivers/interrupt_controller/libdrivers__interrupt_controller.a(intc_ioapic.c.obj)
 .z_devstate    0x0000000000107572        0x2 zephyr/drivers/interrupt_controller/libdrivers__interrupt_controller.a(intc_loapic.c.obj)
 .z_devstate    0x0000000000107574        0x4 zephyr/drivers/serial/libdrivers__serial.a(uart_ns16550.c.obj)
 *(SORT_BY_ALIGNMENT(.z_devstate.*))
                0x0000000000107578                __device_states_end = .
                0x0000000000107578                . = ALIGN (0x4)

log_mpsc_pbuf_area
                0x0000000000107578        0x0
                0x0000000000107578                _log_mpsc_pbuf_list_start = .
 *(SORT_BY_NAME(SORT_BY_ALIGNMENT(._log_mpsc_pbuf.static.*)))
                0x0000000000107578                _log_mpsc_pbuf_list_end = .

log_msg_ptr_area
                0x0000000000107578        0x0
                0x0000000000107578                _log_msg_ptr_list_start = .
 *(SORT_BY_NAME(SORT_BY_ALIGNMENT(._log_msg_ptr.static.*)))
                0x0000000000107578                _log_msg_ptr_list_end = .

log_dynamic_area
                0x0000000000107578        0x0
                0x0000000000107578                _log_dynamic_list_start = .
 *(SORT_BY_NAME(SORT_BY_ALIGNMENT(._log_dynamic.static.*)))
                0x0000000000107578                _log_dynamic_list_end = .

k_timer_area    0x0000000000107578        0x0
                0x0000000000107578                _k_timer_list_start = .
 *(SORT_BY_NAME(SORT_BY_ALIGNMENT(._k_timer.static.*)))
                0x0000000000107578                _k_timer_list_end = .

k_mem_slab_area
                0x0000000000107578        0x0
                0x0000000000107578                _k_mem_slab_list_start = .
 *(SORT_BY_NAME(SORT_BY_ALIGNMENT(._k_mem_slab.static.*)))
                0x0000000000107578                _k_mem_slab_list_end = .

k_heap_area     0x0000000000107578        0x0
                0x0000000000107578                _k_heap_list_start = .
 *(SORT_BY_NAME(SORT_BY_ALIGNMENT(._k_heap.static.*)))
                0x0000000000107578                _k_heap_list_end = .

k_mutex_area    0x0000000000107578        0x0
                0x0000000000107578                _k_mutex_list_start = .
 *(SORT_BY_NAME(SORT_BY_ALIGNMENT(._k_mutex.static.*)))
                0x0000000000107578                _k_mutex_list_end = .

k_stack_area    0x0000000000107578        0x0
                0x0000000000107578                _k_stack_list_start = .
 *(SORT_BY_NAME(SORT_BY_ALIGNMENT(._k_stack.static.*)))
                0x0000000000107578                _k_stack_list_end = .

k_msgq_area     0x0000000000107578        0x0
                0x0000000000107578                _k_msgq_list_start = .
 *(SORT_BY_NAME(SORT_BY_ALIGNMENT(._k_msgq.static.*)))
                0x0000000000107578                _k_msgq_list_end = .

k_mbox_area     0x0000000000107578        0x0
                0x0000000000107578                _k_mbox_list_start = .
 *(SORT_BY_NAME(SORT_BY_ALIGNMENT(._k_mbox.static.*)))
                0x0000000000107578                _k_mbox_list_end = .

k_pipe_area     0x0000000000107578        0x0
                0x0000000000107578                _k_pipe_list_start = .
 *(SORT_BY_NAME(SORT_BY_ALIGNMENT(._k_pipe.static.*)))
                0x0000000000107578                _k_pipe_list_end = .

k_sem_area      0x0000000000107578        0x0
                0x0000000000107578                _k_sem_list_start = .
 *(SORT_BY_NAME(SORT_BY_ALIGNMENT(._k_sem.static.*)))
                0x0000000000107578                _k_sem_list_end = .

k_event_area    0x0000000000107578        0x0
                0x0000000000107578                _k_event_list_start = .
 *(SORT_BY_NAME(SORT_BY_ALIGNMENT(._k_event.static.*)))
                0x0000000000107578                _k_event_list_end = .

k_queue_area    0x0000000000107578        0x0
                0x0000000000107578                _k_queue_list_start = .
 *(SORT_BY_NAME(SORT_BY_ALIGNMENT(._k_queue.static.*)))
                0x0000000000107578                _k_queue_list_end = .

k_fifo_area     0x0000000000107578        0x0
                0x0000000000107578                _k_fifo_list_start = .
 *(SORT_BY_NAME(SORT_BY_ALIGNMENT(._k_fifo.static.*)))
                0x0000000000107578                _k_fifo_list_end = .

k_lifo_area     0x0000000000107578        0x0
                0x0000000000107578                _k_lifo_list_start = .
 *(SORT_BY_NAME(SORT_BY_ALIGNMENT(._k_lifo.static.*)))
                0x0000000000107578                _k_lifo_list_end = .

k_condvar_area  0x0000000000107578        0x0
                0x0000000000107578                _k_condvar_list_start = .
 *(SORT_BY_NAME(SORT_BY_ALIGNMENT(._k_condvar.static.*)))
                0x0000000000107578                _k_condvar_list_end = .

sys_mem_blocks_ptr_area
                0x0000000000107578        0x0
                0x0000000000107578                _sys_mem_blocks_ptr_list_start = .
 *(SORT_BY_NAME(SORT_BY_ALIGNMENT(._sys_mem_blocks_ptr.static.*)))
                0x0000000000107578                _sys_mem_blocks_ptr_list_end = .

net_buf_pool_area
                0x0000000000107578        0x0
                0x0000000000107578                _net_buf_pool_list_start = .
 *(SORT_BY_NAME(SORT_BY_ALIGNMENT(._net_buf_pool.static.*)))
                0x0000000000107578                _net_buf_pool_list_end = .

pagetables      0x0000000000107578     0x5aa8
                0x0000000000108000                . = ALIGN (0x1000)
 *fill*         0x0000000000107578      0xa88 
                0x0000000000108000                z_x86_pagetables_start = .
 *(SORT_BY_ALIGNMENT(pagetables))
 pagetables     0x0000000000108000     0x5020 zephyr/arch/arch/x86/pagetables.o
                0x0000000000108000                _binary_pagetables_bin_start
                0x000000000010d020                _binary_pagetables_bin_end
                0x000000000010d000                z_x86_kernel_ptables = (. - 0x20)

/DISCARD/
 *(SORT_BY_ALIGNMENT(.dummy_pagetables))
                0x000000000010e000                . = ALIGN (0x1000)
                0x000000000010e000                __data_region_end = .

bss             0x000000000010d020     0x951c
                0x000000000010e000                . = ALIGN (0x1000)
 *fill*         0x000000000010d020      0xfe0 
                0x000000000010e000                _image_ram_start = .